Component: ARM Compiler 5.06 update 7 (build 960) Tool: armlink [4d3601]

==============================================================================

Section Cross References

    joint_ctrl.o(i.angle2pwm) refers to f2d.o(x$fpl$f2d) for __aeabi_f2d
    joint_ctrl.o(i.angle2pwm) refers to ddiv.o(x$fpl$ddiv) for __aeabi_ddiv
    joint_ctrl.o(i.angle2pwm) refers to daddsub_clz.o(x$fpl$dadd) for __aeabi_dadd
    joint_ctrl.o(i.angle2pwm) refers to d2f.o(x$fpl$d2f) for __aeabi_d2f
    joint_ctrl.o(i.joint_control) refers to joint_ctrl.o(i.ros_angle_handler) for ros_angle_handler
    joint_ctrl.o(i.joint_control) refers to joint_ctrl.o(i.angle2pwm) for angle2pwm
    joint_ctrl.o(i.joint_control) refers to ffixu.o(x$fpl$ffixu) for __aeabi_f2uiz
    joint_ctrl.o(i.joint_control) refers to joint_ctrl.o(.bss) for .bss
    joint_ctrl.o(i.joint_init) refers to rt_memclr_w.o(.text) for __aeabi_memclr4
    joint_ctrl.o(i.joint_init) refers to joint_ctrl.o(.bss) for .bss
    joint_ctrl.o(i.joint_task) refers to cmsis_os.o(i.osKernelSysTick) for osKernelSysTick
    joint_ctrl.o(i.joint_task) refers to joint_ctrl.o(i.joint_init) for joint_init
    joint_ctrl.o(i.joint_task) refers to port.o(i.vPortEnterCritical) for vPortEnterCritical
    joint_ctrl.o(i.joint_task) refers to queue.o(i.xQueueReceive) for xQueueReceive
    joint_ctrl.o(i.joint_task) refers to port.o(i.vPortExitCritical) for vPortExitCritical
    joint_ctrl.o(i.joint_task) refers to tasks.o(i.vTaskDelayUntil) for vTaskDelayUntil
    joint_ctrl.o(i.joint_task) refers to joint_ctrl.o(i.joint_control) for joint_control
    joint_ctrl.o(i.joint_task) refers to joint_ctrl.o(.bss) for .bss
    joint_ctrl.o(i.joint_task) refers to freertos.o(.data) for xViaPointQueue
    joint_ctrl.o(i.joint_task) refers to joint_ctrl.o(.data) for .data
    joint_ctrl.o(i.ros_angle_handler) refers to faddsub_clz.o(x$fpl$fsub) for __aeabi_fsub
    joint_ctrl.o(i.ros_angle_handler) refers to faddsub_clz.o(x$fpl$fadd) for __aeabi_fadd
    usart_comm.o(i.USER_UART_IDLECallback) refers to ros_rx.o(i.ros_data_handler) for ros_data_handler
    usart_comm.o(i.USER_UART_IDLECallback) refers to rt_memclr.o(.text) for __aeabi_memclr
    usart_comm.o(i.USER_UART_IDLECallback) refers to stm32f1xx_hal_uart.o(i.HAL_UART_Receive_DMA) for HAL_UART_Receive_DMA
    usart_comm.o(i.USER_UART_IDLECallback) refers to usart_comm.o(.bss) for .bss
    usart_comm.o(i.USER_UART_IRQHandler) refers to stm32f1xx_hal_uart.o(i.HAL_UART_DMAStop) for HAL_UART_DMAStop
    usart_comm.o(i.USER_UART_IRQHandler) refers to usart_comm.o(i.USER_UART_IDLECallback) for USER_UART_IDLECallback
    usart_comm.o(i.USER_USART_Init) refers to stm32f1xx_hal_uart.o(i.HAL_UART_Receive_DMA) for HAL_UART_Receive_DMA
    usart_comm.o(i.USER_USART_Init) refers to usart.o(.bss) for huart1
    usart_comm.o(i.USER_USART_Init) refers to usart_comm.o(.bss) for .bss
    usart_send_msg.o(i.usart_msg_send_task) refers to cmsis_os.o(i.osKernelSysTick) for osKernelSysTick
    usart_send_msg.o(i.usart_msg_send_task) refers to port.o(i.vPortEnterCritical) for vPortEnterCritical
    usart_send_msg.o(i.usart_msg_send_task) refers to stm32f1xx_hal_uart.o(i.HAL_UART_Transmit_DMA) for HAL_UART_Transmit_DMA
    usart_send_msg.o(i.usart_msg_send_task) refers to port.o(i.vPortExitCritical) for vPortExitCritical
    usart_send_msg.o(i.usart_msg_send_task) refers to cmsis_os.o(i.osDelayUntil) for osDelayUntil
    usart_send_msg.o(i.usart_msg_send_task) refers to usart_send_msg.o(.bss) for .bss
    usart_send_msg.o(i.usart_msg_send_task) refers to ros_rx.o(.bss) for ros
    usart_send_msg.o(i.usart_msg_send_task) refers to joint_ctrl.o(.bss) for joint
    usart_send_msg.o(i.usart_msg_send_task) refers to usart.o(.bss) for huart3
    ros_msg_pub.o(i.ros_msg_pub_task) refers to cmsis_os.o(i.osKernelSysTick) for osKernelSysTick
    ros_msg_pub.o(i.ros_msg_pub_task) refers to port.o(i.vPortEnterCritical) for vPortEnterCritical
    ros_msg_pub.o(i.ros_msg_pub_task) refers to queue.o(i.xQueueGenericSend) for xQueueGenericSend
    ros_msg_pub.o(i.ros_msg_pub_task) refers to port.o(i.vPortExitCritical) for vPortExitCritical
    ros_msg_pub.o(i.ros_msg_pub_task) refers to tasks.o(i.vTaskDelayUntil) for vTaskDelayUntil
    ros_msg_pub.o(i.ros_msg_pub_task) refers to ros_rx.o(.bss) for ros
    ros_msg_pub.o(i.ros_msg_pub_task) refers to freertos.o(.data) for xViaPointQueue
    ros_msg_pub.o(i.ros_msg_pub_task) refers to ros_msg_pub.o(.data) for .data
    ros_msg_pub.o(i.ros_msg_pub_task) refers to ros_msg_pub.o(.bss) for .bss
    ros_rx.o(i.ros_data_handler) refers to rt_memclr.o(.text) for __aeabi_memclr
    ros_rx.o(i.ros_data_handler) refers to rt_memcpy_v6.o(.text) for __aeabi_memcpy
    ros_rx.o(i.ros_data_handler) refers to ros_rx.o(.bss) for .bss
    ros_rx.o(i.ros_single_data_handler) refers to rt_memcpy_v6.o(.text) for __aeabi_memcpy
    ros_rx.o(i.ros_single_data_handler) refers to rt_memclr.o(.text) for __aeabi_memclr
[...]
    TIM_OC3_SetConfig                        0x08002095   Thumb Code    82  stm32f1xx_hal_tim.o(i.TIM_OC3_SetConfig)
    i.TIM_OC4_SetConfig                      0x080020ec   Section        0  stm32f1xx_hal_tim.o(i.TIM_OC4_SetConfig)
    TIM_OC4_SetConfig                        0x080020ed   Thumb Code    64  stm32f1xx_hal_tim.o(i.TIM_OC4_SetConfig)
    i.TIM_TI1_ConfigInputStage               0x08002130   Section        0  stm32f1xx_hal_tim.o(i.TIM_TI1_ConfigInputStage)
    TIM_TI1_ConfigInputStage                 0x08002131   Thumb Code    34  stm32f1xx_hal_tim.o(i.TIM_TI1_ConfigInputStage)
    i.TIM_TI2_ConfigInputStage               0x08002152   Section        0  stm32f1xx_hal_tim.o(i.TIM_TI2_ConfigInputStage)
    TIM_TI2_ConfigInputStage                 0x08002153   Thumb Code    36  stm32f1xx_hal_tim.o(i.TIM_TI2_ConfigInputStage)
    i.UART_DMAAbortOnError                   0x08002176   Section        0  stm32f1xx_hal_uart.o(i.UART_DMAAbortOnError)
    UART_DMAAbortOnError                     0x08002177   Thumb Code    16  stm32f1xx_hal_uart.o(i.UART_DMAAbortOnError)
    i.UART_DMAError                          0x08002186   Section        0  stm32f1xx_hal_uart.o(i.UART_DMAError)
    UART_DMAError                            0x08002187   Thumb Code    74  stm32f1xx_hal_uart.o(i.UART_DMAError)
    i.UART_DMAReceiveCplt                    0x080021d0   Section        0  stm32f1xx_hal_uart.o(i.UART_DMAReceiveCplt)
    UART_DMAReceiveCplt                      0x080021d1   Thumb Code   134  stm32f1xx_hal_uart.o(i.UART_DMAReceiveCplt)
    i.UART_DMARxHalfCplt                     0x08002256   Section        0  stm32f1xx_hal_uart.o(i.UART_DMARxHalfCplt)
    UART_DMARxHalfCplt                       0x08002257   Thumb Code    30  stm32f1xx_hal_uart.o(i.UART_DMARxHalfCplt)
    i.UART_DMATransmitCplt                   0x08002274   Section        0  stm32f1xx_hal_uart.o(i.UART_DMATransmitCplt)
    UART_DMATransmitCplt                     0x08002275   Thumb Code    66  stm32f1xx_hal_uart.o(i.UART_DMATransmitCplt)
    i.UART_DMATxHalfCplt                     0x080022b6   Section        0  stm32f1xx_hal_uart.o(i.UART_DMATxHalfCplt)
    UART_DMATxHalfCplt                       0x080022b7   Thumb Code    10  stm32f1xx_hal_uart.o(i.UART_DMATxHalfCplt)
    i.UART_EndRxTransfer                     0x080022c0   Section        0  stm32f1xx_hal_uart.o(i.UART_EndRxTransfer)
    UART_EndRxTransfer                       0x080022c1   Thumb Code    78  stm32f1xx_hal_uart.o(i.UART_EndRxTransfer)
    i.UART_EndTxTransfer                     0x0800230e   Section        0  stm32f1xx_hal_uart.o(i.UART_EndTxTransfer)
    UART_EndTxTransfer                       0x0800230f   Thumb Code    28  stm32f1xx_hal_uart.o(i.UART_EndTxTransfer)
    i.UART_Receive_IT                        0x0800232a   Section        0  stm32f1xx_hal_uart.o(i.UART_Receive_IT)
    UART_Receive_IT                          0x0800232b   Thumb Code   194  stm32f1xx_hal_uart.o(i.UART_Receive_IT)
    i.UART_SetConfig                         0x080023ec   Section        0  stm32f1xx_hal_uart.o(i.UART_SetConfig)
    UART_SetConfig                           0x080023ed   Thumb Code   178  stm32f1xx_hal_uart.o(i.UART_SetConfig)
    i.UART_Start_Receive_DMA                 0x080024a4   Section        0  stm32f1xx_hal_uart.o(i.UART_Start_Receive_DMA)
    i.USART1_IRQHandler                      0x08002534   Section        0  stm32f1xx_it.o(i.USART1_IRQHandler)
    i.USART3_IRQHandler                      0x0800254c   Section        0  stm32f1xx_it.o(i.USART3_IRQHandler)
    i.USER_UART_IDLECallback                 0x08002564   Section        0  usart_comm.o(i.USER_UART_IDLECallback)
    i.USER_UART_IRQHandler                   0x080025a0   Section        0  usart_comm.o(i.USER_UART_IRQHandler)
    i.USER_USART_Init                        0x080025c8   Section        0  usart_comm.o(i.USER_USART_Init)
    i.UsageFault_Handler                     0x08002614   Section        0  stm32f1xx_it.o(i.UsageFault_Handler)
    i.__NVIC_SetPriority                     0x08002616   Section        0  stm32f1xx_hal_cortex.o(i.__NVIC_SetPriority)
    __NVIC_SetPriority                       0x08002617   Thumb Code    32  stm32f1xx_hal_cortex.o(i.__NVIC_SetPriority)
    i.angle2pwm                              0x08002638   Section        0  joint_ctrl.o(i.angle2pwm)
    i.inHandlerMode                          0x08002664   Section        0  cmsis_os.o(i.inHandlerMode)
    inHandlerMode                            0x08002665   Thumb Code    12  cmsis_os.o(i.inHandlerMode)
    i.joint_control                          0x08002670   Section        0  joint_ctrl.o(i.joint_control)
    i.joint_init                             0x0800271c   Section        0  joint_ctrl.o(i.joint_init)
    i.joint_task                             0x0800276c   Section        0  joint_ctrl.o(i.joint_task)
    i.main                                   0x080027bc   Section        0  main.o(i.main)
    i.makeFreeRtosPriority                   0x08002820   Section        0  cmsis_os.o(i.makeFreeRtosPriority)
    makeFreeRtosPriority                     0x08002821   Thumb Code    12  cmsis_os.o(i.makeFreeRtosPriority)
    i.osDelay                                0x0800282c   Section        0  cmsis_os.o(i.osDelay)
    i.osDelayUntil                           0x0800283a   Section        0  cmsis_os.o(i.osDelayUntil)
    i.osKernelStart                          0x08002848   Section        0  cmsis_os.o(i.osKernelStart)
    i.osKernelSysTick                        0x08002852   Section        0  cmsis_os.o(i.osKernelSysTick)
    i.osThreadCreate                         0x0800286a   Section        0  cmsis_os.o(i.osThreadCreate)
    i.prvAddCurrentTaskToDelayedList         0x080028c0   Section        0  tasks.o(i.prvAddCurrentTaskToDelayedList)
    prvAddCurrentTaskToDelayedList           0x080028c1   Thumb Code   102  tasks.o(i.prvAddCurrentTaskToDelayedList)
    i.prvAddNewTaskToReadyList               0x08002930   Section        0  tasks.o(i.prvAddNewTaskToReadyList)
    prvAddNewTaskToReadyList                 0x08002931   Thumb Code   194  tasks.o(i.prvAddNewTaskToReadyList)
    i.prvCopyDataFromQueue                   0x08002a00   Section        0  queue.o(i.prvCopyDataFromQueue)
    prvCopyDataFromQueue                     0x08002a01   Thumb Code    38  queue.o(i.prvCopyDataFromQueue)
    i.prvCopyDataToQueue                     0x08002a26   Section        0  queue.o(i.prvCopyDataToQueue)
    prvCopyDataToQueue                       0x08002a27   Thumb Code   108  queue.o(i.prvCopyDataToQueue)
    i.prvDeleteTCB                           0x08002a92   Section        0  tasks.o(i.prvDeleteTCB)
    prvDeleteTCB                             0x08002a93   Thumb Code    52  tasks.o(i.prvDeleteTCB)
    i.prvHeapInit                            0x08002ac8   Section        0  heap_4.o(i.prvHeapInit)
    prvHeapInit                              0x08002ac9   Thumb Code    66  heap_4.o(i.prvHeapInit)
    i.prvIdleTask                            0x08002b14   Section        0  tasks.o(i.prvIdleTask)
    prvIdleTask                              0x08002b15   Thumb Code    82  tasks.o(i.prvIdleTask)
    i.prvInitialiseNewQueue                  0x08002b74   Section        0  queue.o(i.prvInitialiseNewQueue)
    prvInitialiseNewQueue                    0x08002b75   Thumb Code    22  queue.o(i.prvInitialiseNewQueue)
    i.prvInitialiseNewTask                   0x08002b8a   Section        0  tasks.o(i.prvInitialiseNewTask)
    prvInitialiseNewTask                     0x08002b8b   Thumb Code   142  tasks.o(i.prvInitialiseNewTask)
    i.prvInsertBlockIntoFreeList             0x08002c18   Section        0  heap_4.o(i.prvInsertBlockIntoFreeList)
    prvInsertBlockIntoFreeList               0x08002c19   Thumb Code    72  heap_4.o(i.prvInsertBlockIntoFreeList)
    i.prvIsQueueEmpty                        0x08002c64   Section        0  queue.o(i.prvIsQueueEmpty)
    prvIsQueueEmpty                          0x08002c65   Thumb Code    28  queue.o(i.prvIsQueueEmpty)
    i.prvResetNextTaskUnblockTime            0x08002c80   Section        0  tasks.o(i.prvResetNextTaskUnblockTime)
    prvResetNextTaskUnblockTime              0x08002c81   Thumb Code    26  tasks.o(i.prvResetNextTaskUnblockTime)
    i.prvTaskExitError                       0x08002ca0   Section        0  port.o(i.prvTaskExitError)
    prvTaskExitError                         0x08002ca1   Thumb Code    36  port.o(i.prvTaskExitError)
    i.prvUnlockQueue                         0x08002cc8   Section        0  queue.o(i.prvUnlockQueue)
    prvUnlockQueue                           0x08002cc9   Thumb Code   106  queue.o(i.prvUnlockQueue)
    i.pvPortMalloc                           0x08002d34   Section        0  heap_4.o(i.pvPortMalloc)
    i.pxPortInitialiseStack                  0x08002e0c   Section        0  port.o(i.pxPortInitialiseStack)
    i.ros_angle_handler                      0x08002e30   Section        0  joint_ctrl.o(i.ros_angle_handler)
    i.ros_data_handler                       0x08002e60   Section        0  ros_rx.o(i.ros_data_handler)
    i.ros_msg_pub_task                       0x08002ea4   Section        0  ros_msg_pub.o(i.ros_msg_pub_task)
    i.usart_msg_send_task                    0x08002f10   Section        0  usart_send_msg.o(i.usart_msg_send_task)
    i.uxListRemove                           0x08002f78   Section        0  list.o(i.uxListRemove)
    i.vApplicationGetIdleTaskMemory          0x08002fa0   Section        0  freertos.o(i.vApplicationGetIdleTaskMemory)
    i.vListInitialise                        0x08002fb4   Section        0  list.o(i.vListInitialise)
    i.vListInitialiseItem                    0x08002fca   Section        0  list.o(i.vListInitialiseItem)
    i.vListInsert                            0x08002fd0   Section        0  list.o(i.vListInsert)
    i.vListInsertEnd                         0x08003000   Section        0  list.o(i.vListInsertEnd)
    i.vPortEnterCritical                     0x08003018   Section        0  port.o(i.vPortEnterCritical)
    i.vPortExitCritical                      0x08003058   Section        0  port.o(i.vPortExitCritical)
    i.vPortFree                              0x08003080   Section        0  heap_4.o(i.vPortFree)
    i.vPortSetupTimerInterrupt               0x080030dc   Section        0  port.o(i.vPortSetupTimerInterrupt)
    i.vPortValidateInterruptPriority         0x08003100   Section        0  port.o(i.vPortValidateInterruptPriority)
    i.vTaskDelay                             0x08003154   Section        0  tasks.o(i.vTaskDelay)
    i.vTaskDelayUntil                        0x080031a0   Section        0  tasks.o(i.vTaskDelayUntil)
    i.vTaskInternalSetTimeOutState           0x0800322c   Section        0  tasks.o(i.vTaskInternalSetTimeOutState)
    i.vTaskMissedYield                       0x0800323c   Section        0  tasks.o(i.vTaskMissedYield)
    i.vTaskPlaceOnEventList                  0x08003248   Section        0  tasks.o(i.vTaskPlaceOnEventList)
    i.vTaskStartScheduler                    0x08003278   Section        0  tasks.o(i.vTaskStartScheduler)
    i.vTaskSuspendAll                        0x080032e4   Section        0  tasks.o(i.vTaskSuspendAll)
    i.vTaskSwitchContext                     0x080032f4   Section        0  tasks.o(i.vTaskSwitchContext)
    i.xPortStartScheduler                    0x08003350   Section        0  port.o(i.xPortStartScheduler)
    i.xQueueGenericCreate                    0x080033f8   Section        0  queue.o(i.xQueueGenericCreate)
    i.xQueueGenericReset                     0x08003440   Section        0  queue.o(i.xQueueGenericReset)
    i.xQueueGenericSend                      0x080034c8   Section        0  queue.o(i.xQueueGenericSend)
    i.xQueueReceive                          0x08003628   Section        0  queue.o(i.xQueueReceive)
    i.xTaskCheckForTimeOut                   0x08003760   Section        0  tasks.o(i.xTaskCheckForTimeOut)
    i.xTaskCreate                            0x080037d4   Section        0  tasks.o(i.xTaskCreate)
    i.xTaskCreateStatic                      0x0800382e   Section        0  tasks.o(i.xTaskCreateStatic)
    i.xTaskGetSchedulerState                 0x08003884   Section        0  tasks.o(i.xTaskGetSchedulerState)
    i.xTaskGetTickCount                      0x080038a0   Section        0  tasks.o(i.xTaskGetTickCount)
    i.xTaskGetTickCountFromISR               0x080038ac   Section        0  tasks.o(i.xTaskGetTickCountFromISR)
    i.xTaskIncrementTick                     0x080038bc   Section        0  tasks.o(i.xTaskIncrementTick)
    i.xTaskPriorityDisinherit                0x08003984   Section        0  tasks.o(i.xTaskPriorityDisinherit)
    i.xTaskRemoveFromEventList               0x08003a1c   Section        0  tasks.o(i.xTaskRemoveFromEventList)
    i.xTaskResumeAll                         0x08003a90   Section        0  tasks.o(i.xTaskResumeAll)
    x$fpl$d2f                                0x08003b54   Section       98  d2f.o(x$fpl$d2f)
    x$fpl$dadd                               0x08003bb8   Section      336  daddsub_clz.o(x$fpl$dadd)
    _dadd1                                   0x08003bc9   Thumb Code     0  daddsub_clz.o(x$fpl$dadd)
    x$fpl$ddiv                               0x08003d08   Section      688  ddiv.o(x$fpl$ddiv)
    ddiv_entry                               0x08003d0f   Thumb Code     0  ddiv.o(x$fpl$ddiv)
    x$fpl$dnaninf                            0x08003fb8   Section      156  dnaninf.o(x$fpl$dnaninf)
    x$fpl$dretinf                            0x08004054   Section       12  dretinf.o(x$fpl$dretinf)
    x$fpl$dsub                               0x08004060   Section      468  daddsub_clz.o(x$fpl$dsub)
    _dsub1                                   0x08004071   Thumb Code     0  daddsub_clz.o(x$fpl$dsub)
    x$fpl$f2d                                0x08004234   Section       86  f2d.o(x$fpl$f2d)
    x$fpl$fadd                               0x0800428c   Section      196  faddsub_clz.o(x$fpl$fadd)
    _fadd1                                   0x0800429b   Thumb Code     0  faddsub_clz.o(x$fpl$fadd)
    x$fpl$ffixu                              0x08004350   Section       62  ffixu.o(x$fpl$ffixu)
    x$fpl$fnaninf                            0x0800438e   Section      140  fnaninf.o(x$fpl$fnaninf)
    x$fpl$fretinf                            0x0800441a   Section       10  fretinf.o(x$fpl$fretinf)
    x$fpl$fsub                               0x08004424   Section      234  faddsub_clz.o(x$fpl$fsub)
    _fsub1                                   0x08004433   Thumb Code     0  faddsub_clz.o(x$fpl$fsub)
    x$fpl$usenofp                            0x0800450e   Section        0  usenofp.o(x$fpl$usenofp)
    .constdata                               0x08004510   Section      112  freertos.o(.constdata)
    .constdata                               0x08004580   Section       18  stm32f1xx_hal_rcc.o(.constdata)
    aPredivFactorTable                       0x08004580   Data           2  stm32f1xx_hal_rcc.o(.constdata)
    aPLLMULFactorTable                       0x08004582   Data          16  stm32f1xx_hal_rcc.o(.constdata)
    .constdata                               0x08004592   Section       16  system_stm32f1xx.o(.constdata)
    .constdata                               0x080045a2   Section        8  system_stm32f1xx.o(.constdata)
    .conststring                             0x080045ac   Section       60  freertos.o(.conststring)
    .data                                    0x20000000   Section        4  joint_ctrl.o(.data)
    .data                                    0x20000004   Section        4  ros_msg_pub.o(.data)
    .data                                    0x20000008   Section       20  freertos.o(.data)
    .data                                    0x2000001c   Section       12  stm32f1xx_hal.o(.data)
    .data                                    0x20000028   Section        4  system_stm32f1xx.o(.data)
    .data                                    0x2000002c   Section       60  tasks.o(.data)
    pxDelayedTaskList                        0x20000030   Data           4  tasks.o(.data)
    pxOverflowDelayedTaskList                0x20000034   Data           4  tasks.o(.data)
    uxDeletedTasksWaitingCleanUp             0x20000038   Data           4  tasks.o(.data)
    uxCurrentNumberOfTasks                   0x2000003c   Data           4  tasks.o(.data)
    xTickCount                               0x20000040   Data           4  tasks.o(.data)
    uxTopReadyPriority                       0x20000044   Data           4  tasks.o(.data)
    xSchedulerRunning                        0x20000048   Data           4  tasks.o(.data)
    uxPendedTicks                            0x2000004c   Data           4  tasks.o(.data)
    xYieldPending                            0x20000050   Data           4  tasks.o(.data)
    xNumOfOverflows                          0x20000054   Data           4  tasks.o(.data)
    uxTaskNumber                             0x20000058   Data           4  tasks.o(.data)
    xNextTaskUnblockTime                     0x2000005c   Data           4  tasks.o(.data)
    xIdleTaskHandle                          0x20000060   Data           4  tasks.o(.data)
    uxSchedulerSuspended                     0x20000064   Data           4  tasks.o(.data)
    .data                                    0x20000068   Section       24  heap_4.o(.data)
    pxEnd                                    0x20000068   Data           4  heap_4.o(.data)
    xFreeBytesRemaining                      0x2000006c   Data           4  heap_4.o(.data)
    xMinimumEverFreeBytesRemaining           0x20000070   Data           4  heap_4.o(.data)
    xBlockAllocatedBit                       0x20000074   Data           4  heap_4.o(.data)
    xStart                                   0x20000078   Data           8  heap_4.o(.data)
    .data                                    0x20000080   Section       12  port.o(.data)
    ucMaxSysCallPriority                     0x20000080   Data           1  port.o(.data)
    uxCriticalNesting                        0x20000084   Data           4  port.o(.data)
    ulMaxPRIGROUPValue                       0x20000088   Data           4  port.o(.data)
    .bss                                     0x2000008c   Section      112  joint_ctrl.o(.bss)
    .bss                                     0x200000fc   Section      243  usart_comm.o(.bss)
    .bss                                     0x200001ef   Section       10  usart_send_msg.o(.bss)
    .bss                                     0x200001fc   Section       40  ros_msg_pub.o(.bss)
    .bss                                     0x20000224   Section      246  ros_rx.o(.bss)
    .bss                                     0x2000031c   Section      596  freertos.o(.bss)
    xIdleTaskTCBBuffer                       0x2000031c   Data          84  freertos.o(.bss)
    xIdleStack                               0x20000370   Data         512  freertos.o(.bss)
    .bss                                     0x20000570   Section      144  tim.o(.bss)
    .bss                                     0x20000600   Section      416  usart.o(.bss)
    .bss                                     0x200007a0   Section       72  stm32f1xx_hal_timebase_tim.o(.bss)
    .bss                                     0x200007e8   Section      240  tasks.o(.bss)
    pxReadyTasksLists                        0x200007e8   Data         140  tasks.o(.bss)
    xDelayedTaskList1                        0x20000874   Data          20  tasks.o(.bss)
    xDelayedTaskList2                        0x20000888   Data          20  tasks.o(.bss)
    xPendingReadyList                        0x2000089c   Data          20  tasks.o(.bss)
    xTasksWaitingTermination                 0x200008b0   Data          20  tasks.o(.bss)
    xSuspendedTaskList                       0x200008c4   Data          20  tasks.o(.bss)
    .bss                                     0x200008d8   Section     3072  heap_4.o(.bss)
    ucHeap                                   0x200008d8   Data        3072  heap_4.o(.bss)
    .bss                                     0x200014d8   Section       96  libspace.o(.bss)
    HEAP                                     0x20001538   Section      512  startup_stm32f103xb.o(HEAP)
    Heap_Mem                                 0x20001538   Data         512  startup_stm32f103xb.o(HEAP)
    STACK                                    0x20001738   Section     1024  startup_stm32f103xb.o(STACK)
    Stack_Mem                                0x20001738   Data        1024  startup_stm32f103xb.o(STACK)
    __initial_sp                             0x20001b38   Data           0  startup_stm32f103xb.o(STACK)

    Global Symbols

    Symbol Name                              Value     Ov Type        Size  Object(Section)

    BuildAttributes$$THM_ISAv4$P$D$K$B$S$PE$A:L22UL41UL21$X:L11$S22US41US21$IEEE1$IW$USESV6$~STKCKD$USESV7$~SHL$OSPACE$ROPI$EBA8$UX$STANDARDLIB$REQ8$PRES8$EABIv2 0x00000000   Number         0  anon$$obj.o ABSOLUTE
    __ARM_use_no_argv                        0x00000000   Number         0  main.o ABSOLUTE
    __ARM_exceptions_init                     - Undefined Weak Reference
    __alloca_initialize                       - Undefined Weak Reference
    __arm_fini_                               - Undefined Weak Reference
    __arm_preinit_                            - Undefined Weak Reference
    __cpp_initialize__aeabi_                  - Undefined Weak Reference
    __cxa_finalize                            - Undefined Weak Reference
    __rt_locale                               - Undefined Weak Reference
    __sigvec_lookup                           - Undefined Weak Reference
    _atexit_init                              - Undefined Weak Reference
    _call_atexit_fns                          - Undefined Weak Reference
    _clock_init                               - Undefined Weak Reference
    _fp_trap_init                             - Undefined Weak Reference
    _fp_trap_shutdown                         - Undefined Weak Reference
    _get_lc_collate                           - Undefined Weak Reference
    _get_lc_ctype                             - Undefined Weak Reference
    _get_lc_monetary                          - Undefined Weak Reference
    _get_lc_numeric                           - Undefined Weak Reference
    _get_lc_time                              - Undefined Weak Reference
    _getenv_init                              - Undefined Weak Reference
    _handle_redirection                       - Undefined Weak Reference
    _init_alloc                               - Undefined Weak Reference
    _init_user_alloc                          - Undefined Weak Reference
    _initio                                   - Undefined Weak Reference
    _rand_init                                - Undefined Weak Reference
    _signal_finish                            - Undefined Weak Reference
    _signal_init                              - Undefined Weak Reference
    _terminate_alloc                          - Undefined Weak Reference
    _terminate_user_alloc                     - Undefined Weak Reference
    _terminateio                              - Undefined Weak Reference
    __Vectors_Size                           0x000000ec   Number         0  startup_stm32f103xb.o ABSOLUTE
    __Vectors                                0x08000000   Data           4  startup_stm32f103xb.o(RESET)
    __Vectors_End                            0x080000ec   Data           0  startup_stm32f103xb.o(RESET)
    __main                                   0x080000ed   Thumb Code     8  __main.o(!!!main)
    __scatterload                            0x080000f5   Thumb Code     0  __scatter.o(!!!scatter)
    __scatterload_rt2                        0x080000f5   Thumb Code    44  __scatter.o(!!!scatter)
    __scatterload_rt2_thumb_only             0x080000f5   Thumb Code     0  __scatter.o(!!!scatter)
    __scatterload_null                       0x08000103   Thumb Code     0  __scatter.o(!!!scatter)
    __scatterload_copy                       0x08000129   Thumb Code    26  __scatter_copy.o(!!handler_copy)
    __scatterload_zeroinit                   0x08000145   Thumb Code    28  __scatter_zi.o(!!handler_zi)
    __rt_lib_init                            0x08000161   Thumb Code     0  libinit.o(.ARM.Collect$$libinit$$00000000)
    __rt_lib_init_alloca_1                   0x08000163   Thumb Code     0  libinit2.o(.ARM.Collect$$libinit$$0000002E)
    __rt_lib_init_argv_1                     0x08000163   Thumb Code     0  libinit2.o(.ARM.Collect$$libinit$$0000002C)
    __rt_lib_init_atexit_1                   0x08000163   Thumb Code     0  libinit2.o(.ARM.Collect$$libinit$$0000001B)
    __rt_lib_init_clock_1                    0x08000163   Thumb Code     0  libinit2.o(.ARM.Collect$$libinit$$00000021)
    __rt_lib_init_cpp_1                      0x08000163   Thumb Code     0  libinit2.o(.ARM.Collect$$libinit$$00000032)
    __rt_lib_init_exceptions_1               0x08000163   Thumb Code     0  libinit2.o(.ARM.Collect$$libinit$$00000030)
    __rt_lib_init_fp_1                       0x08000163   Thumb Code     0  libinit2.o(.ARM.Collect$$libinit$$00000002)
    __rt_lib_init_fp_trap_1                  0x08000163   Thumb Code     0  libinit2.o(.ARM.Collect$$libinit$$0000001F)
    __rt_lib_init_getenv_1                   0x08000163   Thumb Code     0  libinit2.o(.ARM.Collect$$libinit$$00000023)
    __rt_lib_init_heap_1                     0x08000163   Thumb Code     0  libinit2.o(.ARM.Collect$$libinit$$0000000A)
    __rt_lib_init_lc_collate_1               0x08000163   Thumb Code     0  libinit2.o(.ARM.Collect$$libinit$$00000011)
    __rt_lib_init_lc_ctype_1                 0x08000163   Thumb Code     0  libinit2.o(.ARM.Collect$$libinit$$00000013)
    __rt_lib_init_lc_monetary_1              0x08000163   Thumb Code     0  libinit2.o(.ARM.Collect$$libinit$$00000015)
    __rt_lib_init_lc_numeric_1               0x08000163   Thumb Code     0  libinit2.o(.ARM.Collect$$libinit$$00000017)
    __rt_lib_init_lc_time_1                  0x08000163   Thumb Code     0  libinit2.o(.ARM.Collect$$libinit$$00000019)
    __rt_lib_init_preinit_1                  0x08000163   Thumb Code     0  libinit2.o(.ARM.Collect$$libinit$$00000004)
    __rt_lib_init_rand_1                     0x08000163   Thumb Code     0  libinit2.o(.ARM.Collect$$libinit$$0000000E)
    __rt_lib_init_return                     0x08000163   Thumb Code     0  libinit2.o(.ARM.Collect$$libinit$$00000033)
    __rt_lib_init_signal_1                   0x08000163   Thumb Code     0  libinit2.o(.ARM.Collect$$libinit$$0000001D)
    __rt_lib_init_stdio_1                    0x08000163   Thumb Code     0  libinit2.o(.ARM.Collect$$libinit$$00000025)
    __rt_lib_init_user_alloc_1               0x08000163   Thumb Code     0  libinit2.o(.ARM.Collect$$libinit$$0000000C)
    __rt_lib_shutdown                        0x08000165   Thumb Code     0  libshutdown.o(.ARM.Collect$$libshutdown$$00000000)
    __rt_lib_shutdown_cpp_1                  0x08000167   Thumb Code     0  libshutdown2.o(.ARM.Collect$$libshutdown$$00000004)
    __rt_lib_shutdown_fini_1                 0x08000167   Thumb Code     0  libshutdown2.o(.ARM.Collect$$libshutdown$$00000002)
    __rt_lib_shutdown_fp_trap_1              0x08000167   Thumb Code     0  libshutdown2.o(.ARM.Collect$$libshutdown$$00000009)
    __rt_lib_shutdown_heap_1                 0x08000167   Thumb Code     0  libshutdown2.o(.ARM.Collect$$libshutdown$$00000011)
    __rt_lib_shutdown_return                 0x08000167   Thumb Code     0  libshutdown2.o(.ARM.Collect$$libshutdown$$00000012)
    __rt_lib_shutdown_signal_1               0x08000167   Thumb Code     0  libshutdown2.o(.ARM.Collect$$libshutdown$$0000000C)
    __rt_lib_shutdown_stdio_1                0x08000167   Thumb Code     0  libshutdown2.o(.ARM.Collect$$libshutdown$$00000006)
    __rt_lib_shutdown_user_alloc_1           0x08000167   Thumb Code     0  libshutdown2.o(.ARM.Collect$$libshutdown$$0000000E)
    __rt_entry                               0x08000169   Thumb Code     0  __rtentry.o(.ARM.Collect$$rtentry$$00000000)
    __rt_entry_presh_1                       0x08000169   Thumb Code     0  __rtentry2.o(.ARM.Collect$$rtentry$$00000002)
    __rt_entry_sh                            0x08000169   Thumb Code     0  __rtentry4.o(.ARM.Collect$$rtentry$$00000004)
    __rt_entry_li                            0x0800016f   Thumb Code     0  __rtentry2.o(.ARM.Collect$$rtentry$$0000000A)
    __rt_entry_postsh_1                      0x0800016f   Thumb Code     0  __rtentry2.o(.ARM.Collect$$rtentry$$00000009)
    __rt_entry_main                          0x08000173   Thumb Code     0  __rtentry2.o(.ARM.Collect$$rtentry$$0000000D)
    __rt_entry_postli_1                      0x08000173   Thumb Code     0  __rtentry2.o(.ARM.Collect$$rtentry$$0000000C)
    __rt_exit                                0x0800017b   Thumb Code     0  rtexit.o(.ARM.Collect$$rtexit$$00000000)
    __rt_exit_ls                             0x0800017d   Thumb Code     0  rtexit2.o(.ARM.Collect$$rtexit$$00000003)
    __rt_exit_prels_1                        0x0800017d   Thumb Code     0  rtexit2.o(.ARM.Collect$$rtexit$$00000002)
    __rt_exit_exit                           0x08000181   Thumb Code     0  rtexit2.o(.ARM.Collect$$rtexit$$00000004)
    SVC_Handler                              0x08000189   Thumb Code    32  port.o(.emb_text)
    __asm___6_port_c_39a90d8d__prvStartFirstTask 0x080001ad   Thumb Code    28  port.o(.emb_text)
    PendSV_Handler                           0x080001cd   Thumb Code    72  port.o(.emb_text)
    vPortGetIPSR                             0x08000219   Thumb Code     6  port.o(.emb_text)
    Reset_Handler                            0x08000221   Thumb Code     8  startup_stm32f103xb.o(.text)
    ADC1_2_IRQHandler                        0x0800023b   Thumb Code     0  startup_stm32f103xb.o(.text)
    CAN1_RX1_IRQHandler                      0x0800023b   Thumb Code     0  startup_stm32f103xb.o(.text)
    CAN1_SCE_IRQHandler                      0x0800023b   Thumb Code     0  startup_stm32f103xb.o(.text)
    DMA1_Channel1_IRQHandler                 0x0800023b   Thumb Code     0  startup_stm32f103xb.o(.text)
    DMA1_Channel6_IRQHandler                 0x0800023b   Thumb Code     0  startup_stm32f103xb.o(.text)
    DMA1_Channel7_IRQHandler                 0x0800023b   Thumb Code     0  startup_stm32f103xb.o(.text)
    EXTI0_IRQHandler                         0x0800023b   Thumb Code     0  startup_stm32f103xb.o(.text)
    EXTI15_10_IRQHandler                     0x0800023b   Thumb Code     0  startup_stm32f103xb.o(.text)
    EXTI1_IRQHandler                         0x0800023b   Thumb Code     0  startup_stm32f103xb.o(.text)
    EXTI2_IRQHandler                         0x0800023b   Thumb Code     0  startup_stm32f103xb.o(.text)
    EXTI3_IRQHandler                         0x0800023b   Thumb Code     0  startup_stm32f103xb.o(.text)
    EXTI4_IRQHandler                         0x0800023b   Thumb Code     0  startup_stm32f103xb.o(.text)
    EXTI9_5_IRQHandler                       0x0800023b   Thumb Code     0  startup_stm32f103xb.o(.text)
    FLASH_IRQHandler                         0x0800023b   Thumb Code     0  startup_stm32f103xb.o(.text)
    I2C1_ER_IRQHandler                       0x0800023b   Thumb Code     0  startup_stm32f103xb.o(.text)
    I2C1_EV_IRQHandler                       0x0800023b   Thumb Code     0  startup_stm32f103xb.o(.text)
    I2C2_ER_IRQHandler                       0x0800023b   Thumb Code     0  startup_stm32f103xb.o(.text)
    I2C2_EV_IRQHandler                       0x0800023b   Thumb Code     0  startup_stm32f103xb.o(.text)
    PVD_IRQHandler                           0x0800023b   Thumb Code     0  startup_stm32f103xb.o(.text)
    RCC_IRQHandler                           0x0800023b   Thumb Code     0  startup_stm32f103xb.o(.text)
    RTC_Alarm_IRQHandler                     0x0800023b   Thumb Code     0  startup_stm32f103xb.o(.text)
    RTC_IRQHandler                           0x0800023b   Thumb Code     0  startup_stm32f103xb.o(.text)
    SPI1_IRQHandler                          0x0800023b   Thumb Code     0  startup_stm32f103xb.o(.text)
    SPI2_IRQHandler                          0x0800023b   Thumb Code     0  startup_stm32f103xb.o(.text)
    TAMPER_IRQHandler                        0x0800023b   Thumb Code     0  startup_stm32f103xb.o(.text)
    TIM1_BRK_IRQHandler                      0x0800023b   Thumb Code     0  startup_stm32f103xb.o(.text)
    TIM1_CC_IRQHandler                       0x0800023b   Thumb Code     0  startup_stm32f103xb.o(.text)
    TIM1_TRG_COM_IRQHandler                  0x0800023b   Thumb Code     0  startup_stm32f103xb.o(.text)
    TIM2_IRQHandler                          0x0800023b   Thumb Code     0  startup_stm32f103xb.o(.text)
    TIM3_IRQHandler                          0x0800023b   Thumb Code     0  startup_stm32f103xb.o(.text)
    TIM4_IRQHandler                          0x0800023b   Thumb Code     0  startup_stm32f103xb.o(.text)
    USART2_IRQHandler                        0x0800023b   Thumb Code     0  startup_stm32f103xb.o(.text)
    USBWakeUp_IRQHandler                     0x0800023b   Thumb Code     0  startup_stm32f103xb.o(.text)
    USB_HP_CAN1_TX_IRQHandler                0x0800023b   Thumb Code     0  startup_stm32f103xb.o(.text)
    USB_LP_CAN1_RX0_IRQHandler               0x0800023b   Thumb Code     0  startup_stm32f103xb.o(.text)
    WWDG_IRQHandler                          0x0800023b   Thumb Code     0  startup_stm32f103xb.o(.text)
    __user_initial_stackheap                 0x0800023d   Thumb Code     0  startup_stm32f103xb.o(.text)
    __aeabi_memcpy                           0x08000261   Thumb Code     0  rt_memcpy_v6.o(.text)
    __rt_memcpy                              0x08000261   Thumb Code   138  rt_memcpy_v6.o(.text)
    _memcpy_lastbytes                        0x080002c7   Thumb Code     0  rt_memcpy_v6.o(.text)
    __aeabi_memcpy4                          0x080002eb   Thumb Code     0  rt_memcpy_w.o(.text)
    __aeabi_memcpy8                          0x080002eb   Thumb Code     0  rt_memcpy_w.o(.text)
    __rt_memcpy_w                            0x080002eb   Thumb Code   100  rt_memcpy_w.o(.text)
    _memcpy_lastbytes_aligned                0x08000333   Thumb Code     0  rt_memcpy_w.o(.text)
    __aeabi_memclr                           0x0800034f   Thumb Code     0  rt_memclr.o(.text)
    __rt_memclr                              0x0800034f   Thumb Code    68  rt_memclr.o(.text)
    _memset                                  0x08000353   Thumb Code     0  rt_memclr.o(.text)
    __aeabi_memclr4                          0x08000393   Thumb Code     0  rt_memclr_w.o(.text)
    __aeabi_memclr8                          0x08000393   Thumb Code     0  rt_memclr_w.o(.text)
    __rt_memclr_w                            0x08000393   Thumb Code    78  rt_memclr_w.o(.text)
    _memset_w                                0x08000397   Thumb Code     0  rt_memclr_w.o(.text)
    __use_two_region_memory                  0x080003e1   Thumb Code     2  heapauxi.o(.text)
    __rt_heap_escrow$2region                 0x080003e3   Thumb Code     2  heapauxi.o(.text)
    __rt_heap_expand$2region                 0x080003e5   Thumb Code     2  heapauxi.o(.text)
    __user_setup_stackheap                   0x080003e7   Thumb Code    74  sys_stackheap_outer.o(.text)
    exit                                     0x08000431   Thumb Code    18  exit.o(.text)
    __user_libspace                          0x08000445   Thumb Code     8  libspace.o(.text)
    __user_perproc_libspace                  0x08000445   Thumb Code     0  libspace.o(.text)
    __user_perthread_libspace                0x08000445   Thumb Code     0  libspace.o(.text)
    _sys_exit                                0x0800044d   Thumb Code     8  sys_exit.o(.text)
    __I$use$semihosting                      0x08000459   Thumb Code     0  use_no_semi.o(.text)
    __use_no_semihosting_swi                 0x08000459   Thumb Code     2  use_no_semi.o(.text)
    BusFault_Handler                         0x0800045b   Thumb Code     2  stm32f1xx_it.o(i.BusFault_Handler)
    __semihosting_library_function           0x0800045b   Thumb Code     0  indicate_semi.o(.text)
    DMA1_Channel2_IRQHandler                 0x0800045d   Thumb Code     6  stm32f1xx_it.o(i.DMA1_Channel2_IRQHandler)
    DMA1_Channel3_IRQHandler                 0x08000469   Thumb Code     6  stm32f1xx_it.o(i.DMA1_Channel3_IRQHandler)
    DMA1_Channel4_IRQHandler                 0x08000475   Thumb Code     6  stm32f1xx_it.o(i.DMA1_Channel4_IRQHandler)
    DMA1_Channel5_IRQHandler                 0x08000481   Thumb Code     6  stm32f1xx_it.o(i.DMA1_Channel5_IRQHandler)
    DebugMon_Handler                         0x080004b7   Thumb Code     2  stm32f1xx_it.o(i.DebugMon_Handler)
    Error_Handler                            0x080004b9   Thumb Code     2  main.o(i.Error_Handler)
    HAL_DMA_Abort                            0x080004bb   Thumb Code    70  stm32f1xx_hal_dma.o(i.HAL_DMA_Abort)
    HAL_DMA_Abort_IT                         0x08000501   Thumb Code   148  stm32f1xx_hal_dma.o(i.HAL_DMA_Abort_IT)
    HAL_DMA_IRQHandler                       0x08000599   Thumb Code   316  stm32f1xx_hal_dma.o(i.HAL_DMA_IRQHandler)
    HAL_DMA_Init                             0x080006ed   Thumb Code    84  stm32f1xx_hal_dma.o(i.HAL_DMA_Init)
    HAL_DMA_Start_IT                         0x08000749   Thumb Code   112  stm32f1xx_hal_dma.o(i.HAL_DMA_Start_IT)
    HAL_Delay                                0x080007b9   Thumb Code    32  stm32f1xx_hal.o(i.HAL_Delay)
    HAL_GPIO_Init                            0x080007dd   Thumb Code   446  stm32f1xx_hal_gpio.o(i.HAL_GPIO_Init)
    HAL_GetTick                              0x080009bd   Thumb Code     6  stm32f1xx_hal.o(i.HAL_GetTick)
    HAL_IncTick                              0x080009c9   Thumb Code    12  stm32f1xx_hal.o(i.HAL_IncTick)
    HAL_Init                                 0x080009d9   Thumb Code    32  stm32f1xx_hal.o(i.HAL_Init)
    HAL_InitTick                             0x080009fd   Thumb Code    98  stm32f1xx_hal_timebase_tim.o(i.HAL_InitTick)
    HAL_MspInit                              0x08000a71   Thumb Code    62  stm32f1xx_hal_msp.o(i.HAL_MspInit)
    HAL_NVIC_EnableIRQ                       0x08000ab9   Thumb Code    26  stm32f1xx_hal_cortex.o(i.HAL_NVIC_EnableIRQ)
    HAL_NVIC_SetPriority                     0x08000ad5   Thumb Code    60  stm32f1xx_hal_cortex.o(i.HAL_NVIC_SetPriority)
    HAL_NVIC_SetPriorityGrouping             0x08000b15   Thumb Code    26  stm32f1xx_hal_cortex.o(i.HAL_NVIC_SetPriorityGrouping)
    HAL_RCC_ClockConfig                      0x08000b39   Thumb Code   280  stm32f1xx_hal_rcc.o(i.HAL_RCC_ClockConfig)
    HAL_RCC_GetClockConfig                   0x08000c65   Thumb Code    54  stm32f1xx_hal_rcc.o(i.HAL_RCC_GetClockConfig)
    HAL_RCC_GetPCLK1Freq                     0x08000ca5   Thumb Code    20  stm32f1xx_hal_rcc.o(i.HAL_RCC_GetPCLK1Freq)
    HAL_RCC_GetPCLK2Freq                     0x08000cc5   Thumb Code    20  stm32f1xx_hal_rcc.o(i.HAL_RCC_GetPCLK2Freq)
    HAL_RCC_GetSysClockFreq                  0x08000ce5   Thumb Code    58  stm32f1xx_hal_rcc.o(i.HAL_RCC_GetSysClockFreq)
    HAL_RCC_OscConfig                        0x08000d31   Thumb Code   778  stm32f1xx_hal_rcc.o(i.HAL_RCC_OscConfig)
    HAL_TIMEx_BreakCallback                  0x08001051   Thumb Code     2  stm32f1xx_hal_tim_ex.o(i.HAL_TIMEx_BreakCallback)
    HAL_TIMEx_CommutCallback                 0x08001053   Thumb Code     2  stm32f1xx_hal_tim_ex.o(i.HAL_TIMEx_CommutCallback)
    HAL_TIMEx_MasterConfigSynchronization    0x08001055   Thumb Code    92  stm32f1xx_hal_tim_ex.o(i.HAL_TIMEx_MasterConfigSynchronization)
    HAL_TIM_Base_Init                        0x080010bd   Thumb Code    90  stm32f1xx_hal_tim.o(i.HAL_TIM_Base_Init)
    HAL_TIM_Base_MspInit                     0x08001119   Thumb Code    52  tim.o(i.HAL_TIM_Base_MspInit)
    HAL_TIM_Base_Start_IT                    0x08001155   Thumb Code    76  stm32f1xx_hal_tim.o(i.HAL_TIM_Base_Start_IT)
    HAL_TIM_ConfigClockSource                0x080011ad   Thumb Code   220  stm32f1xx_hal_tim.o(i.HAL_TIM_ConfigClockSource)
    HAL_TIM_IC_CaptureCallback               0x08001289   Thumb Code     2  stm32f1xx_hal_tim.o(i.HAL_TIM_IC_CaptureCallback)
    HAL_TIM_IRQHandler                       0x0800128b   Thumb Code   358  stm32f1xx_hal_tim.o(i.HAL_TIM_IRQHandler)
    HAL_TIM_MspPostInit                      0x080013f1   Thumb Code   120  tim.o(i.HAL_TIM_MspPostInit)
    HAL_TIM_OC_DelayElapsedCallback          0x08001479   Thumb Code     2  stm32f1xx_hal_tim.o(i.HAL_TIM_OC_DelayElapsedCallback)
    HAL_TIM_PWM_ConfigChannel                0x0800147b   Thumb Code   204  stm32f1xx_hal_tim.o(i.HAL_TIM_PWM_ConfigChannel)
    HAL_TIM_PWM_Init                         0x08001547   Thumb Code    90  stm32f1xx_hal_tim.o(i.HAL_TIM_PWM_Init)
    HAL_TIM_PWM_MspInit                      0x080015a1   Thumb Code     2  stm32f1xx_hal_tim.o(i.HAL_TIM_PWM_MspInit)
    HAL_TIM_PWM_PulseFinishedCallback        0x080015a3   Thumb Code     2  stm32f1xx_hal_tim.o(i.HAL_TIM_PWM_PulseFinishedCallback)
    HAL_TIM_PWM_Start                        0x080015a5   Thumb Code   144  stm32f1xx_hal_tim.o(i.HAL_TIM_PWM_Start)
    HAL_TIM_PeriodElapsedCallback            0x08001641   Thumb Code    14  main.o(i.HAL_TIM_PeriodElapsedCallback)
    HAL_TIM_TriggerCallback                  0x08001655   Thumb Code     2  stm32f1xx_hal_tim.o(i.HAL_TIM_TriggerCallback)
    HAL_UARTEx_RxEventCallback               0x08001657   Thumb Code     2  stm32f1xx_hal_uart.o(i.HAL_UARTEx_RxEventCallback)
    HAL_UART_DMAStop                         0x08001659   Thumb Code   112  stm32f1xx_hal_uart.o(i.HAL_UART_DMAStop)
    HAL_UART_ErrorCallback                   0x080016c9   Thumb Code     2  stm32f1xx_hal_uart.o(i.HAL_UART_ErrorCallback)
    HAL_UART_IRQHandler                      0x080016cd   Thumb Code   616  stm32f1xx_hal_uart.o(i.HAL_UART_IRQHandler)
    HAL_UART_Init                            0x08001939   Thumb Code   100  stm32f1xx_hal_uart.o(i.HAL_UART_Init)
    HAL_UART_MspInit                         0x0800199d   Thumb Code   372  usart.o(i.HAL_UART_MspInit)
    HAL_UART_Receive_DMA                     0x08001b2d   Thumb Code    28  stm32f1xx_hal_uart.o(i.HAL_UART_Receive_DMA)
    HAL_UART_RxCpltCallback                  0x08001b49   Thumb Code     2  stm32f1xx_hal_uart.o(i.HAL_UART_RxCpltCallback)
    HAL_UART_RxHalfCpltCallback              0x08001b4b   Thumb Code     2  stm32f1xx_hal_uart.o(i.HAL_UART_RxHalfCpltCallback)
    HAL_UART_Transmit_DMA                    0x08001b4d   Thumb Code   106  stm32f1xx_hal_uart.o(i.HAL_UART_Transmit_DMA)
    HAL_UART_TxCpltCallback                  0x08001bc5   Thumb Code     2  stm32f1xx_hal_uart.o(i.HAL_UART_TxCpltCallback)
    HAL_UART_TxHalfCpltCallback              0x08001bc7   Thumb Code     2  stm32f1xx_hal_uart.o(i.HAL_UART_TxHalfCpltCallback)
    HardFault_Handler                        0x08001bc9   Thumb Code     2  stm32f1xx_it.o(i.HardFault_Handler)
    MX_DMA_Init                              0x08001bcd   Thumb Code    88  dma.o(i.MX_DMA_Init)
    MX_FREERTOS_Init                         0x08001c29   Thumb Code   108  freertos.o(i.MX_FREERTOS_Init)
    MX_GPIO_Init                             0x08001c9d   Thumb Code    54  gpio.o(i.MX_GPIO_Init)
    MX_TIM2_Init                             0x08001cd9   Thumb Code   148  tim.o(i.MX_TIM2_Init)
    MX_TIM4_Init                             0x08001d71   Thumb Code   194  tim.o(i.MX_TIM4_Init)
    MX_USART1_UART_Init                      0x08001e3d   Thumb Code    48  usart.o(i.MX_USART1_UART_Init)
    MX_USART3_UART_Init                      0x08001e75   Thumb Code    48  usart.o(i.MX_USART3_UART_Init)
    MemManage_Handler                        0x08001ead   Thumb Code     2  stm32f1xx_it.o(i.MemManage_Handler)
    NMI_Handler                              0x08001eaf   Thumb Code     2  stm32f1xx_it.o(i.NMI_Handler)
    StartDefaultTask                         0x08001eb1   Thumb Code     8  freertos.o(i.StartDefaultTask)
    SysTick_Handler                          0x08001eb9   Thumb Code    38  port.o(i.SysTick_Handler)
    SystemClock_Config                       0x08001ee5   Thumb Code    78  main.o(i.SystemClock_Config)
    SystemInit                               0x08001f33   Thumb Code     2  system_stm32f1xx.o(i.SystemInit)
    TIM1_UP_IRQHandler                       0x08001f35   Thumb Code     6  stm32f1xx_it.o(i.TIM1_UP_IRQHandler)
    TIM_Base_SetConfig                       0x08001f41   Thumb Code    94  stm32f1xx_hal_tim.o(i.TIM_Base_SetConfig)
    TIM_CCxChannelCmd                        0x08001fad   Thumb Code    26  stm32f1xx_hal_tim.o(i.TIM_CCxChannelCmd)
    TIM_ETR_SetConfig                        0x08001fc7   Thumb Code    20  stm32f1xx_hal_tim.o(i.TIM_ETR_SetConfig)
    TIM_OC2_SetConfig                        0x0800203d   Thumb Code    84  stm32f1xx_hal_tim.o(i.TIM_OC2_SetConfig)
    UART_Start_Receive_DMA                   0x080024a5   Thumb Code   130  stm32f1xx_hal_uart.o(i.UART_Start_Receive_DMA)
    USART1_IRQHandler                        0x08002535   Thumb Code    18  stm32f1xx_it.o(i.USART1_IRQHandler)
    USART3_IRQHandler                        0x0800254d   Thumb Code    18  stm32f1xx_it.o(i.USART3_IRQHandler)
    USER_UART_IDLECallback                   0x08002565   Thumb Code    48  usart_comm.o(i.USER_UART_IDLECallback)
    USER_UART_IRQHandler                     0x080025a1   Thumb Code    38  usart_comm.o(i.USER_UART_IRQHandler)
    USER_USART_Init                          0x080025c9   Thumb Code    62  usart_comm.o(i.USER_USART_Init)
    UsageFault_Handler                       0x08002615   Thumb Code     2  stm32f1xx_it.o(i.UsageFault_Handler)
    angle2pwm                                0x08002639   Thumb Code    34  joint_ctrl.o(i.angle2pwm)
    joint_control                            0x08002671   Thumb Code   156  joint_ctrl.o(i.joint_control)
    joint_init                               0x0800271d   Thumb Code    62  joint_ctrl.o(i.joint_init)
    joint_task                               0x0800276d   Thumb Code    68  joint_ctrl.o(i.joint_task)
    main                                     0x080027bd   Thumb Code    92  main.o(i.main)
    osDelay                                  0x0800282d   Thumb Code    14  cmsis_os.o(i.osDelay)
    osDelayUntil                             0x0800283b   Thumb Code    14  cmsis_os.o(i.osDelayUntil)
    osKernelStart                            0x08002849   Thumb Code    10  cmsis_os.o(i.osKernelStart)
    osKernelSysTick                          0x08002853   Thumb Code    24  cmsis_os.o(i.osKernelSysTick)
    osThreadCreate                           0x0800286b   Thumb Code    84  cmsis_os.o(i.osThreadCreate)
    pvPortMalloc                             0x08002d35   Thumb Code   210  heap_4.o(i.pvPortMalloc)
    pxPortInitialiseStack                    0x08002e0d   Thumb Code    32  port.o(i.pxPortInitialiseStack)
    ros_angle_handler                        0x08002e31   Thumb Code    42  joint_ctrl.o(i.ros_angle_handler)
    ros_data_handler                         0x08002e61   Thumb Code    62  ros_rx.o(i.ros_data_handler)
    ros_msg_pub_task                         0x08002ea5   Thumb Code    90  ros_msg_pub.o(i.ros_msg_pub_task)
    usart_msg_send_task                      0x08002f11   Thumb Code    86  usart_send_msg.o(i.usart_msg_send_task)
    uxListRemove                             0x08002f79   Thumb Code    38  list.o(i.uxListRemove)
    vApplicationGetIdleTaskMemory            0x08002fa1   Thumb Code    16  freertos.o(i.vApplicationGetIdleTaskMemory)
    vListInitialise                          0x08002fb5   Thumb Code    22  list.o(i.vListInitialise)
    vListInitialiseItem                      0x08002fcb   Thumb Code     6  list.o(i.vListInitialiseItem)
    vListInsert                              0x08002fd1   Thumb Code    48  list.o(i.vListInsert)
    vListInsertEnd                           0x08003001   Thumb Code    24  list.o(i.vListInsertEnd)
    vPortEnterCritical                       0x08003019   Thumb Code    54  port.o(i.vPortEnterCritical)
    vPortExitCritical                        0x08003059   Thumb Code    34  port.o(i.vPortExitCritical)
    vPortFree                                0x08003081   Thumb Code    88  heap_4.o(i.vPortFree)
    vPortSetupTimerInterrupt                 0x080030dd   Thumb Code    32  port.o(i.vPortSetupTimerInterrupt)
    vPortValidateInterruptPriority           0x08003101   Thumb Code    74  port.o(i.vPortValidateInterruptPriority)
    vTaskDelay                               0x08003155   Thumb Code    66  tasks.o(i.vTaskDelay)
    vTaskDelayUntil                          0x080031a1   Thumb Code   132  tasks.o(i.vTaskDelayUntil)
    vTaskInternalSetTimeOutState             0x0800322d   Thumb Code    12  tasks.o(i.vTaskInternalSetTimeOutState)
    vTaskMissedYield                         0x0800323d   Thumb Code     8  tasks.o(i.vTaskMissedYield)
    vTaskPlaceOnEventList                    0x08003249   Thumb Code    44  tasks.o(i.vTaskPlaceOnEventList)
    vTaskStartScheduler                      0x08003279   Thumb Code    90  tasks.o(i.vTaskStartScheduler)
    vTaskSuspendAll                          0x080032e5   Thumb Code    10  tasks.o(i.vTaskSuspendAll)
    vTaskSwitchContext                       0x080032f5   Thumb Code    82  tasks.o(i.vTaskSwitchContext)
    xPortStartScheduler                      0x08003351   Thumb Code   154  port.o(i.xPortStartScheduler)
    xQueueGenericCreate                      0x080033f9   Thumb Code    72  queue.o(i.xQueueGenericCreate)
    xQueueGenericReset                       0x08003441   Thumb Code   132  queue.o(i.xQueueGenericReset)
    xQueueGenericSend                        0x080034c9   Thumb Code   346  queue.o(i.xQueueGenericSend)
    xQueueReceive                            0x08003629   Thumb Code   308  queue.o(i.xQueueReceive)
    xTaskCheckForTimeOut                     0x08003761   Thumb Code   112  tasks.o(i.xTaskCheckForTimeOut)
    xTaskCreate                              0x080037d5   Thumb Code    90  tasks.o(i.xTaskCreate)
    xTaskCreateStatic                        0x0800382f   Thumb Code    86  tasks.o(i.xTaskCreateStatic)
    xTaskGetSchedulerState                   0x08003885   Thumb Code    22  tasks.o(i.xTaskGetSchedulerState)
    xTaskGetTickCount                        0x080038a1   Thumb Code     6  tasks.o(i.xTaskGetTickCount)
    xTaskGetTickCountFromISR                 0x080038ad   Thumb Code    12  tasks.o(i.xTaskGetTickCountFromISR)
    xTaskIncrementTick                       0x080038bd   Thumb Code   192  tasks.o(i.xTaskIncrementTick)
    xTaskPriorityDisinherit                  0x08003985   Thumb Code   144  tasks.o(i.xTaskPriorityDisinherit)
    xTaskRemoveFromEventList                 0x08003a1d   Thumb Code   108  tasks.o(i.xTaskRemoveFromEventList)
    xTaskResumeAll                           0x08003a91   Thumb Code   182  tasks.o(i.xTaskResumeAll)
    __aeabi_d2f                              0x08003b55   Thumb Code     0  d2f.o(x$fpl$d2f)
    _d2f                                     0x08003b55   Thumb Code    98  d2f.o(x$fpl$d2f)
    __aeabi_dadd                             0x08003bb9   Thumb Code     0  daddsub_clz.o(x$fpl$dadd)
    _dadd                                    0x08003bb9   Thumb Code   332  daddsub_clz.o(x$fpl$dadd)
    __aeabi_ddiv                             0x08003d09   Thumb Code     0  ddiv.o(x$fpl$ddiv)
    _ddiv                                    0x08003d09   Thumb Code   552  ddiv.o(x$fpl$ddiv)
    __fpl_dnaninf                            0x08003fb9   Thumb Code   156  dnaninf.o(x$fpl$dnaninf)
    __fpl_dretinf                            0x08004055   Thumb Code    12  dretinf.o(x$fpl$dretinf)
    __aeabi_dsub                             0x08004061   Thumb Code     0  daddsub_clz.o(x$fpl$dsub)
    _dsub                                    0x08004061   Thumb Code   464  daddsub_clz.o(x$fpl$dsub)
    __aeabi_f2d                              0x08004235   Thumb Code     0  f2d.o(x$fpl$f2d)
    _f2d                                     0x08004235   Thumb Code    86  f2d.o(x$fpl$f2d)
    __aeabi_fadd                             0x0800428d   Thumb Code     0  faddsub_clz.o(x$fpl$fadd)
    _fadd                                    0x0800428d   Thumb Code   196  faddsub_clz.o(x$fpl$fadd)
    __aeabi_f2uiz                            0x08004351   Thumb Code     0  ffixu.o(x$fpl$ffixu)
    _ffixu                                   0x08004351   Thumb Code    62  ffixu.o(x$fpl$ffixu)
    __fpl_fnaninf                            0x0800438f   Thumb Code   140  fnaninf.o(x$fpl$fnaninf)
    __fpl_fretinf                            0x0800441b   Thumb Code    10  fretinf.o(x$fpl$fretinf)
    __aeabi_fsub                             0x08004425   Thumb Code     0  faddsub_clz.o(x$fpl$fsub)
    _fsub                                    0x08004425   Thumb Code   234  faddsub_clz.o(x$fpl$fsub)
    __I$use$fp                               0x0800450e   Number         0  usenofp.o(x$fpl$usenofp)
    AHBPrescTable                            0x08004592   Data          16  system_stm32f1xx.o(.constdata)
    APBPrescTable                            0x080045a2   Data           8  system_stm32f1xx.o(.constdata)
    Region$$Table$$Base                      0x080045e8   Number         0  anon$$obj.o(Region$$Table)
    Region$$Table$$Limit                     0x08004608   Number         0  anon$$obj.o(Region$$Table)
    xStatus_rx                               0x20000000   Data           4  joint_ctrl.o(.data)
    xStatus_tx                               0x20000004   Data           4  ros_msg_pub.o(.data)
    defaultTaskHandle                        0x20000008   Data           4  freertos.o(.data)
    usart_send_TaskHandle                    0x2000000c   Data           4  freertos.o(.data)
    joint_TaskHandle                         0x20000010   Data           4  freertos.o(.data)
    ros_msg_pub_TaskHandle                   0x20000014   Data           4  freertos.o(.data)
    xViaPointQueue                           0x20000018   Data           4  freertos.o(.data)
    uwTickFreq                               0x2000001c   Data           1  stm32f1xx_hal.o(.data)
    uwTickPrio                               0x20000020   Data           4  stm32f1xx_hal.o(.data)
    uwTick                                   0x20000024   Data           4  stm32f1xx_hal.o(.data)
    SystemCoreClock                          0x20000028   Data           4  system_stm32f1xx.o(.data)
    pxCurrentTCB                             0x2000002c   Data           4  tasks.o(.data)
    joint                                    0x2000008c   Data         112  joint_ctrl.o(.bss)
    ros_buf                                  0x200000fc   Data         243  usart_comm.o(.bss)
    ros_tx                                   0x200001ef   Data          10  usart_send_msg.o(.bss)
    pub_flag                                 0x200001fc   Data          40  ros_msg_pub.o(.bss)
    ros                                      0x20000224   Data         246  ros_rx.o(.bss)
    htim2                                    0x20000570   Data          72  tim.o(.bss)
    htim4                                    0x200005b8   Data          72  tim.o(.bss)
    huart1                                   0x20000600   Data          72  usart.o(.bss)
    huart3                                   0x20000648   Data          72  usart.o(.bss)
    hdma_usart1_rx                           0x20000690   Data          68  usart.o(.bss)
    hdma_usart1_tx                           0x200006d4   Data          68  usart.o(.bss)
    hdma_usart3_rx                           0x20000718   Data          68  usart.o(.bss)
    hdma_usart3_tx                           0x2000075c   Data          68  usart.o(.bss)
    htim1                                    0x200007a0   Data          72  stm32f1xx_hal_timebase_tim.o(.bss)
    __libspace_start                         0x200014d8   Data          96  libspace.o(.bss)
    __temporary_stack_top$libspace           0x20001538   Data           0  libspace.o(.bss)



==============================================================================

Memory Map of the image

  Image Entry point : 0x080000ed

  Load Region LR_IROM1 (Base: 0x08000000, Size: 0x00004694, Max: 0x00010000, ABSOLUTE)

    Execution Region ER_IROM1 (Exec base: 0x08000000, Load base: 0x08000000, Size: 0x00004608, Max: 0x00010000, ABSOLUTE)

    Exec Addr    Load Addr    Size         Type   Attr      Idx    E Section Name        Object

    0x08000000   0x08000000   0x000000ec   Data   RO          764    RESET               startup_stm32f103xb.o
    0x080000ec   0x080000ec   0x00000008   Code   RO         4445  * !!!main             c_w.l(__main.o)
    0x080000f4   0x080000f4   0x00000034   Code   RO         4637    !!!scatter          c_w.l(__scatter.o)
    0x08000128   0x08000128   0x0000001a   Code   RO         4639    !!handler_copy      c_w.l(__scatter_copy.o)
    0x08000142   0x08000142   0x00000002   PAD
    0x08000144   0x08000144   0x0000001c   Code   RO         4641    !!handler_zi        c_w.l(__scatter_zi.o)
    0x08000160   0x08000160   0x00000002   Code   RO         4505    .ARM.Collect$$libinit$$00000000  c_w.l(libinit.o)
    0x08000162   0x08000162   0x00000000   Code   RO         4512    .ARM.Collect$$libinit$$00000002  c_w.l(libinit2.o)
    0x08000162   0x08000162   0x00000000   Code   RO         4514    .ARM.Collect$$libinit$$00000004  c_w.l(libinit2.o)
    0x08000162   0x08000162   0x00000000   Code   RO         4517    .ARM.Collect$$libinit$$0000000A  c_w.l(libinit2.o)
    0x08000162   0x08000162   0x00000000   Code   RO         4519    .ARM.Collect$$libinit$$0000000C  c_w.l(libinit2.o)
    0x08000162   0x08000162   0x00000000   Code   RO         4521    .ARM.Collect$$libinit$$0000000E  c_w.l(libinit2.o)
    0x08000162   0x08000162   0x00000000   Code   RO         4524    .ARM.Collect$$libinit$$00000011  c_w.l(libinit2.o)
    0x08000162   0x08000162   0x00000000   Code   RO         4526    .ARM.Collect$$libinit$$00000013  c_w.l(libinit2.o)
    0x08000162   0x08000162   0x00000000   Code   RO         4528    .ARM.Collect$$libinit$$00000015  c_w.l(libinit2.o)
    0x08000162   0x08000162   0x00000000   Code   RO         4530    .ARM.Collect$$libinit$$00000017  c_w.l(libinit2.o)
    0x08000162   0x08000162   0x00000000   Code   RO         4532    .ARM.Collect$$libinit$$00000019  c_w.l(libinit2.o)
    0x08000162   0x08000162   0x00000000   Code   RO         4534    .ARM.Collect$$libinit$$0000001B  c_w.l(libinit2.o)
    0x08000162   0x08000162   0x00000000   Code   RO         4536    .ARM.Collect$$libinit$$0000001D  c_w.l(libinit2.o)
    0x08000162   0x08000162   0x00000000   Code   RO         4538    .ARM.Collect$$libinit$$0000001F  c_w.l(libinit2.o)
    0x08000162   0x08000162   0x00000000   Code   RO         4540    .ARM.Collect$$libinit$$00000021  c_w.l(libinit2.o)
    0x08000162   0x08000162   0x00000000   Code   RO         4542    .ARM.Collect$$libinit$$00000023  c_w.l(libinit2.o)
    0x08000162   0x08000162   0x00000000   Code   RO         4544    .ARM.Collect$$libinit$$00000025  c_w.l(libinit2.o)
    0x08000162   0x08000162   0x00000000   Code   RO         4548    .ARM.Collect$$libinit$$0000002C  c_w.l(libinit2.o)
    0x08000162   0x08000162   0x00000000   Code   RO         4550    .ARM.Collect$$libinit$$0000002E  c_w.l(libinit2.o)
    0x08000162   0x08000162   0x00000000   Code   RO         4552    .ARM.Collect$$libinit$$00000030  c_w.l(libinit2.o)
    0x08000162   0x08000162   0x00000000   Code   RO         4554    .ARM.Collect$$libinit$$00000032  c_w.l(libinit2.o)
    0x08000162   0x08000162   0x00000002   Code   RO         4555    .ARM.Collect$$libinit$$00000033  c_w.l(libinit2.o)
    0x08000164   0x08000164   0x00000002   Code   RO         4575    .ARM.Collect$$libshutdown$$00000000  c_w.l(libshutdown.o)
    0x08000166   0x08000166   0x00000000   Code   RO         4588    .ARM.Collect$$libshutdown$$00000002  c_w.l(libshutdown2.o)
    0x08000166   0x08000166   0x00000000   Code   RO         4590    .ARM.Collect$$libshutdown$$00000004  c_w.l(libshutdown2.o)
    0x08000166   0x08000166   0x00000000   Code   RO         4592    .ARM.Collect$$libshutdown$$00000006  c_w.l(libshutdown2.o)
    0x08000166   0x08000166   0x00000000   Code   RO         4595    .ARM.Collect$$libshutdown$$00000009  c_w.l(libshutdown2.o)
    0x08000166   0x08000166   0x00000000   Code   RO         4598    .ARM.Collect$$libshutdown$$0000000C  c_w.l(libshutdown2.o)
    0x08000166   0x08000166   0x00000000   Code   RO         4600    .ARM.Collect$$libshutdown$$0000000E  c_w.l(libshutdown2.o)
    0x08000166   0x08000166   0x00000000   Code   RO         4603    .ARM.Collect$$libshutdown$$00000011  c_w.l(libshutdown2.o)
    0x08000166   0x08000166   0x00000002   Code   RO         4604    .ARM.Collect$$libshutdown$$00000012  c_w.l(libshutdown2.o)
    0x08000168   0x08000168   0x00000000   Code   RO         4471    .ARM.Collect$$rtentry$$00000000  c_w.l(__rtentry.o)
    0x08000168   0x08000168   0x00000000   Code   RO         4482    .ARM.Collect$$rtentry$$00000002  c_w.l(__rtentry2.o)
    0x08000168   0x08000168   0x00000006   Code   RO         4494    .ARM.Collect$$rtentry$$00000004  c_w.l(__rtentry4.o)
    0x0800016e   0x0800016e   0x00000000   Code   RO         4484    .ARM.Collect$$rtentry$$00000009  c_w.l(__rtentry2.o)
    0x0800016e   0x0800016e   0x00000004   Code   RO         4485    .ARM.Collect$$rtentry$$0000000A  c_w.l(__rtentry2.o)
    0x08000172   0x08000172   0x00000000   Code   RO         4487    .ARM.Collect$$rtentry$$0000000C  c_w.l(__rtentry2.o)
    0x08000172   0x08000172   0x00000008   Code   RO         4488    .ARM.Collect$$rtentry$$0000000D  c_w.l(__rtentry2.o)
    0x0800017a   0x0800017a   0x00000002   Code   RO         4509    .ARM.Collect$$rtexit$$00000000  c_w.l(rtexit.o)
    0x0800017c   0x0800017c   0x00000000   Code   RO         4557    .ARM.Collect$$rtexit$$00000002  c_w.l(rtexit2.o)
    0x0800017c   0x0800017c   0x00000004   Code   RO         4558    .ARM.Collect$$rtexit$$00000003  c_w.l(rtexit2.o)
    0x08000180   0x08000180   0x00000006   Code   RO         4559    .ARM.Collect$$rtexit$$00000004  c_w.l(rtexit2.o)
    0x08000186   0x08000186   0x00000002   PAD
    0x08000188   0x08000188   0x00000096   Code   RO         4352    .emb_text           port.o
    0x0800021e   0x0800021e   0x00000002   PAD
    0x08000220   0x08000220   0x00000040   Code   RO          765    .text               startup_stm32f103xb.o
    0x08000260   0x08000260   0x0000008a   Code   RO         4433    .text               c_w.l(rt_memcpy_v6.o)
    0x080002ea   0x080002ea   0x00000064   Code   RO         4435    .text               c_w.l(rt_memcpy_w.o)
    0x0800034e   0x0800034e   0x00000044   Code   RO         4439    .text               c_w.l(rt_memclr.o)
    0x08000392   0x08000392   0x0000004e   Code   RO         4441    .text               c_w.l(rt_memclr_w.o)
    0x080003e0   0x080003e0   0x00000006   Code   RO         4443    .text               c_w.l(heapauxi.o)
    0x080003e6   0x080003e6   0x0000004a   Code   RO         4496    .text               c_w.l(sys_stackheap_outer.o)
    0x08000430   0x08000430   0x00000012   Code   RO         4498    .text               c_w.l(exit.o)
    0x08000442   0x08000442   0x00000002   PAD
    0x08000444   0x08000444   0x00000008   Code   RO         4506    .text               c_w.l(libspace.o)
    0x0800044c   0x0800044c   0x0000000c   Code   RO         4567    .text               c_w.l(sys_exit.o)
    0x08000458   0x08000458   0x00000002   Code   RO         4578    .text               c_w.l(use_no_semi.o)
    0x0800045a   0x0800045a   0x00000000   Code   RO         4580    .text               c_w.l(indicate_semi.o)
    0x0800045a   0x0800045a   0x00000002   Code   RO          602    i.BusFault_Handler  stm32f1xx_it.o
    0x0800045c   0x0800045c   0x0000000c   Code   RO          603    i.DMA1_Channel2_IRQHandler  stm32f1xx_it.o
    0x08000468   0x08000468   0x0000000c   Code   RO          604    i.DMA1_Channel3_IRQHandler  stm32f1xx_it.o
    0x08000474   0x08000474   0x0000000c   Code   RO          605    i.DMA1_Channel4_IRQHandler  stm32f1xx_it.o
    0x08000480   0x08000480   0x0000000c   Code   RO          606    i.DMA1_Channel5_IRQHandler  stm32f1xx_it.o
    0x0800048c   0x0800048c   0x0000002a   Code   RO         1188    i.DMA_SetConfig     stm32f1xx_hal_dma.o
    0x080004b6   0x080004b6   0x00000002   Code   RO          607    i.DebugMon_Handler  stm32f1xx_it.o
    0x080004b8   0x080004b8   0x00000002   Code   RO          362    i.Error_Handler     main.o
    0x080004ba   0x080004ba   0x00000046   Code   RO         1189    i.HAL_DMA_Abort     stm32f1xx_hal_dma.o
    0x08000500   0x08000500   0x00000098   Code   RO         1190    i.HAL_DMA_Abort_IT  stm32f1xx_hal_dma.o
    0x08000598   0x08000598   0x00000154   Code   RO         1194    i.HAL_DMA_IRQHandler  stm32f1xx_hal_dma.o
    0x080006ec   0x080006ec   0x0000005c   Code   RO         1195    i.HAL_DMA_Init      stm32f1xx_hal_dma.o
    0x08000748   0x08000748   0x00000070   Code   RO         1199    i.HAL_DMA_Start_IT  stm32f1xx_hal_dma.o
    0x080007b8   0x080007b8   0x00000024   Code   RO          815    i.HAL_Delay         stm32f1xx_hal.o
    0x080007dc   0x080007dc   0x000001e0   Code   RO         1125    i.HAL_GPIO_Init     stm32f1xx_hal_gpio.o
    0x080009bc   0x080009bc   0x0000000c   Code   RO          819    i.HAL_GetTick       stm32f1xx_hal.o
    0x080009c8   0x080009c8   0x00000010   Code   RO          825    i.HAL_IncTick       stm32f1xx_hal.o
    0x080009d8   0x080009d8   0x00000024   Code   RO          826    i.HAL_Init          stm32f1xx_hal.o
    0x080009fc   0x080009fc   0x00000074   Code   RO          726    i.HAL_InitTick      stm32f1xx_hal_timebase_tim.o
    0x08000a70   0x08000a70   0x00000048   Code   RO          702    i.HAL_MspInit       stm32f1xx_hal_msp.o
    0x08000ab8   0x08000ab8   0x0000001a   Code   RO         1285    i.HAL_NVIC_EnableIRQ  stm32f1xx_hal_cortex.o
    0x08000ad2   0x08000ad2   0x00000002   PAD
    0x08000ad4   0x08000ad4   0x00000040   Code   RO         1291    i.HAL_NVIC_SetPriority  stm32f1xx_hal_cortex.o
    0x08000b14   0x08000b14   0x00000024   Code   RO         1292    i.HAL_NVIC_SetPriorityGrouping  stm32f1xx_hal_cortex.o
    0x08000b38   0x08000b38   0x0000012c   Code   RO          983    i.HAL_RCC_ClockConfig  stm32f1xx_hal_rcc.o
    0x08000c64   0x08000c64   0x00000040   Code   RO          987    i.HAL_RCC_GetClockConfig  stm32f1xx_hal_rcc.o
    0x08000ca4   0x08000ca4   0x00000020   Code   RO          990    i.HAL_RCC_GetPCLK1Freq  stm32f1xx_hal_rcc.o
    0x08000cc4   0x08000cc4   0x00000020   Code   RO          991    i.HAL_RCC_GetPCLK2Freq  stm32f1xx_hal_rcc.o
    0x08000ce4   0x08000ce4   0x0000004c   Code   RO          992    i.HAL_RCC_GetSysClockFreq  stm32f1xx_hal_rcc.o
    0x08000d30   0x08000d30   0x00000320   Code   RO          995    i.HAL_RCC_OscConfig  stm32f1xx_hal_rcc.o
    0x08001050   0x08001050   0x00000002   Code   RO         2491    i.HAL_TIMEx_BreakCallback  stm32f1xx_hal_tim_ex.o
    0x08001052   0x08001052   0x00000002   Code   RO         2492    i.HAL_TIMEx_CommutCallback  stm32f1xx_hal_tim_ex.o
    0x08001054   0x08001054   0x00000068   Code   RO         2510    i.HAL_TIMEx_MasterConfigSynchronization  stm32f1xx_hal_tim_ex.o
    0x080010bc   0x080010bc   0x0000005a   Code   RO         1787    i.HAL_TIM_Base_Init  stm32f1xx_hal_tim.o
    0x08001116   0x08001116   0x00000002   PAD
    0x08001118   0x08001118   0x0000003c   Code   RO          501    i.HAL_TIM_Base_MspInit  tim.o
    0x08001154   0x08001154   0x00000058   Code   RO         1792    i.HAL_TIM_Base_Start_IT  stm32f1xx_hal_tim.o
    0x080011ac   0x080011ac   0x000000dc   Code   RO         1796    i.HAL_TIM_ConfigClockSource  stm32f1xx_hal_tim.o
    0x08001288   0x08001288   0x00000002   Code   RO         1821    i.HAL_TIM_IC_CaptureCallback  stm32f1xx_hal_tim.o
    0x0800128a   0x0800128a   0x00000166   Code   RO         1835    i.HAL_TIM_IRQHandler  stm32f1xx_hal_tim.o
    0x080013f0   0x080013f0   0x00000088   Code   RO          502    i.HAL_TIM_MspPostInit  tim.o
    0x08001478   0x08001478   0x00000002   Code   RO         1838    i.HAL_TIM_OC_DelayElapsedCallback  stm32f1xx_hal_tim.o
    0x0800147a   0x0800147a   0x000000cc   Code   RO         1859    i.HAL_TIM_PWM_ConfigChannel  stm32f1xx_hal_tim.o
    0x08001546   0x08001546   0x0000005a   Code   RO         1862    i.HAL_TIM_PWM_Init  stm32f1xx_hal_tim.o
    0x080015a0   0x080015a0   0x00000002   Code   RO         1864    i.HAL_TIM_PWM_MspInit  stm32f1xx_hal_tim.o
    0x080015a2   0x080015a2   0x00000002   Code   RO         1865    i.HAL_TIM_PWM_PulseFinishedCallback  stm32f1xx_hal_tim.o
    0x080015a4   0x080015a4   0x0000009c   Code   RO         1867    i.HAL_TIM_PWM_Start  stm32f1xx_hal_tim.o
    0x08001640   0x08001640   0x00000014   Code   RO          363    i.HAL_TIM_PeriodElapsedCallback  main.o
    0x08001654   0x08001654   0x00000002   Code   RO         1878    i.HAL_TIM_TriggerCallback  stm32f1xx_hal_tim.o
    0x08001656   0x08001656   0x00000002   Code   RO         2770    i.HAL_UARTEx_RxEventCallback  stm32f1xx_hal_uart.o
    0x08001658   0x08001658   0x00000070   Code   RO         2782    i.HAL_UART_DMAStop  stm32f1xx_hal_uart.o
    0x080016c8   0x080016c8   0x00000002   Code   RO         2784    i.HAL_UART_ErrorCallback  stm32f1xx_hal_uart.o
    0x080016ca   0x080016ca   0x00000002   PAD
    0x080016cc   0x080016cc   0x0000026c   Code   RO         2787    i.HAL_UART_IRQHandler  stm32f1xx_hal_uart.o
    0x08001938   0x08001938   0x00000064   Code   RO         2788    i.HAL_UART_Init     stm32f1xx_hal_uart.o
    0x0800199c   0x0800199c   0x00000190   Code   RO          555    i.HAL_UART_MspInit  usart.o
    0x08001b2c   0x08001b2c   0x0000001c   Code   RO         2792    i.HAL_UART_Receive_DMA  stm32f1xx_hal_uart.o
    0x08001b48   0x08001b48   0x00000002   Code   RO         2794    i.HAL_UART_RxCpltCallback  stm32f1xx_hal_uart.o
    0x08001b4a   0x08001b4a   0x00000002   Code   RO         2795    i.HAL_UART_RxHalfCpltCallback  stm32f1xx_hal_uart.o
    0x08001b4c   0x08001b4c   0x00000078   Code   RO         2797    i.HAL_UART_Transmit_DMA  stm32f1xx_hal_uart.o
    0x08001bc4   0x08001bc4   0x00000002   Code   RO         2799    i.HAL_UART_TxCpltCallback  stm32f1xx_hal_uart.o
    0x08001bc6   0x08001bc6   0x00000002   Code   RO         2800    i.HAL_UART_TxHalfCpltCallback  stm32f1xx_hal_uart.o
    0x08001bc8   0x08001bc8   0x00000002   Code   RO          608    i.HardFault_Handler  stm32f1xx_it.o
    0x08001bca   0x08001bca   0x00000002   PAD
    0x08001bcc   0x08001bcc   0x0000005c   Code   RO          476    i.MX_DMA_Init       dma.o
    0x08001c28   0x08001c28   0x00000074   Code   RO          434    i.MX_FREERTOS_Init  freertos.o
    0x08001c9c   0x08001c9c   0x0000003c   Code   RO          410    i.MX_GPIO_Init      gpio.o
    0x08001cd8   0x08001cd8   0x00000098   Code   RO          503    i.MX_TIM2_Init      tim.o
    0x08001d70   0x08001d70   0x000000cc   Code   RO          504    i.MX_TIM4_Init      tim.o
    0x08001e3c   0x08001e3c   0x00000038   Code   RO          556    i.MX_USART1_UART_Init  usart.o
    0x08001e74   0x08001e74   0x00000038   Code   RO          557    i.MX_USART3_UART_Init  usart.o
    0x08001eac   0x08001eac   0x00000002   Code   RO          609    i.MemManage_Handler  stm32f1xx_it.o
    0x08001eae   0x08001eae   0x00000002   Code   RO          610    i.NMI_Handler       stm32f1xx_it.o
    0x08001eb0   0x08001eb0   0x00000008   Code   RO          435    i.StartDefaultTask  freertos.o
    0x08001eb8   0x08001eb8   0x0000002c   Code   RO         4353    i.SysTick_Handler   port.o
    0x08001ee4   0x08001ee4   0x0000004e   Code   RO          364    i.SystemClock_Config  main.o
    0x08001f32   0x08001f32   0x00000002   Code   RO         3122    i.SystemInit        system_stm32f1xx.o
    0x08001f34   0x08001f34   0x0000000c   Code   RO          611    i.TIM1_UP_IRQHandler  stm32f1xx_it.o
    0x08001f40   0x08001f40   0x0000006c   Code   RO         1880    i.TIM_Base_SetConfig  stm32f1xx_hal_tim.o
    0x08001fac   0x08001fac   0x0000001a   Code   RO         1881    i.TIM_CCxChannelCmd  stm32f1xx_hal_tim.o
    0x08001fc6   0x08001fc6   0x00000014   Code   RO         1891    i.TIM_ETR_SetConfig  stm32f1xx_hal_tim.o
    0x08001fda   0x08001fda   0x00000010   Code   RO         1892    i.TIM_ITRx_SetConfig  stm32f1xx_hal_tim.o
    0x08001fea   0x08001fea   0x00000002   PAD
    0x08001fec   0x08001fec   0x00000050   Code   RO         1893    i.TIM_OC1_SetConfig  stm32f1xx_hal_tim.o
    0x0800203c   0x0800203c   0x00000058   Code   RO         1894    i.TIM_OC2_SetConfig  stm32f1xx_hal_tim.o
    0x08002094   0x08002094   0x00000058   Code   RO         1895    i.TIM_OC3_SetConfig  stm32f1xx_hal_tim.o
    0x080020ec   0x080020ec   0x00000044   Code   RO         1896    i.TIM_OC4_SetConfig  stm32f1xx_hal_tim.o
    0x08002130   0x08002130   0x00000022   Code   RO         1898    i.TIM_TI1_ConfigInputStage  stm32f1xx_hal_tim.o
    0x08002152   0x08002152   0x00000024   Code   RO         1900    i.TIM_TI2_ConfigInputStage  stm32f1xx_hal_tim.o
    0x08002176   0x08002176   0x00000010   Code   RO         2801    i.UART_DMAAbortOnError  stm32f1xx_hal_uart.o
    0x08002186   0x08002186   0x0000004a   Code   RO         2802    i.UART_DMAError     stm32f1xx_hal_uart.o
    0x080021d0   0x080021d0   0x00000086   Code   RO         2803    i.UART_DMAReceiveCplt  stm32f1xx_hal_uart.o
    0x08002256   0x08002256   0x0000001e   Code   RO         2805    i.UART_DMARxHalfCplt  stm32f1xx_hal_uart.o
    0x08002274   0x08002274   0x00000042   Code   RO         2807    i.UART_DMATransmitCplt  stm32f1xx_hal_uart.o
    0x080022b6   0x080022b6   0x0000000a   Code   RO         2809    i.UART_DMATxHalfCplt  stm32f1xx_hal_uart.o
    0x080022c0   0x080022c0   0x0000004e   Code   RO         2811    i.UART_EndRxTransfer  stm32f1xx_hal_uart.o
    0x0800230e   0x0800230e   0x0000001c   Code   RO         2812    i.UART_EndTxTransfer  stm32f1xx_hal_uart.o
    0x0800232a   0x0800232a   0x000000c2   Code   RO         2813    i.UART_Receive_IT   stm32f1xx_hal_uart.o
    0x080023ec   0x080023ec   0x000000b8   Code   RO         2814    i.UART_SetConfig    stm32f1xx_hal_uart.o
    0x080024a4   0x080024a4   0x00000090   Code   RO         2815    i.UART_Start_Receive_DMA  stm32f1xx_hal_uart.o
    0x08002534   0x08002534   0x00000018   Code   RO          612    i.USART1_IRQHandler  stm32f1xx_it.o
    0x0800254c   0x0800254c   0x00000018   Code   RO          613    i.USART3_IRQHandler  stm32f1xx_it.o
    0x08002564   0x08002564   0x0000003c   Code   RO          213    i.USER_UART_IDLECallback  usart_comm.o
    0x080025a0   0x080025a0   0x00000026   Code   RO          214    i.USER_UART_IRQHandler  usart_comm.o
    0x080025c6   0x080025c6   0x00000002   PAD
    0x080025c8   0x080025c8   0x0000004c   Code   RO          215    i.USER_USART_Init   usart_comm.o
    0x08002614   0x08002614   0x00000002   Code   RO          614    i.UsageFault_Handler  stm32f1xx_it.o
    0x08002616   0x08002616   0x00000020   Code   RO         1298    i.__NVIC_SetPriority  stm32f1xx_hal_cortex.o
    0x08002636   0x08002636   0x00000002   PAD
    0x08002638   0x08002638   0x0000002c   Code   RO            4    i.angle2pwm         joint_ctrl.o
    0x08002664   0x08002664   0x0000000c   Code   RO         3922    i.inHandlerMode     cmsis_os.o
    0x08002670   0x08002670   0x000000ac   Code   RO            5    i.joint_control     joint_ctrl.o
    0x0800271c   0x0800271c   0x00000050   Code   RO            6    i.joint_init        joint_ctrl.o
    0x0800276c   0x0800276c   0x00000050   Code   RO            7    i.joint_task        joint_ctrl.o
    0x080027bc   0x080027bc   0x00000064   Code   RO          365    i.main              main.o
    0x08002820   0x08002820   0x0000000c   Code   RO         3924    i.makeFreeRtosPriority  cmsis_os.o
    0x0800282c   0x0800282c   0x0000000e   Code   RO         3926    i.osDelay           cmsis_os.o
    0x0800283a   0x0800283a   0x0000000e   Code   RO         3927    i.osDelayUntil      cmsis_os.o
    0x08002848   0x08002848   0x0000000a   Code   RO         3929    i.osKernelStart     cmsis_os.o
    0x08002852   0x08002852   0x00000018   Code   RO         3930    i.osKernelSysTick   cmsis_os.o
    0x0800286a   0x0800286a   0x00000054   Code   RO         3963    i.osThreadCreate    cmsis_os.o
    0x080028be   0x080028be   0x00000002   PAD
    0x080028c0   0x080028c0   0x00000070   Code   RO         3615    i.prvAddCurrentTaskToDelayedList  tasks.o
    0x08002930   0x08002930   0x000000d0   Code   RO         3616    i.prvAddNewTaskToReadyList  tasks.o
    0x08002a00   0x08002a00   0x00000026   Code   RO         3300    i.prvCopyDataFromQueue  queue.o
    0x08002a26   0x08002a26   0x0000006c   Code   RO         3301    i.prvCopyDataToQueue  queue.o
    0x08002a92   0x08002a92   0x00000034   Code   RO         3617    i.prvDeleteTCB      tasks.o
    0x08002ac6   0x08002ac6   0x00000002   PAD
    0x08002ac8   0x08002ac8   0x0000004c   Code   RO         4291    i.prvHeapInit       heap_4.o
    0x08002b14   0x08002b14   0x00000060   Code   RO         3618    i.prvIdleTask       tasks.o
    0x08002b74   0x08002b74   0x00000016   Code   RO         3303    i.prvInitialiseNewQueue  queue.o
    0x08002b8a   0x08002b8a   0x0000008e   Code   RO         3619    i.prvInitialiseNewTask  tasks.o
    0x08002c18   0x08002c18   0x0000004c   Code   RO         4292    i.prvInsertBlockIntoFreeList  heap_4.o
    0x08002c64   0x08002c64   0x0000001c   Code   RO         3304    i.prvIsQueueEmpty   queue.o
    0x08002c80   0x08002c80   0x00000020   Code   RO         3620    i.prvResetNextTaskUnblockTime  tasks.o
    0x08002ca0   0x08002ca0   0x00000028   Code   RO         4354    i.prvTaskExitError  port.o
    0x08002cc8   0x08002cc8   0x0000006a   Code   RO         3305    i.prvUnlockQueue    queue.o
    0x08002d32   0x08002d32   0x00000002   PAD
    0x08002d34   0x08002d34   0x000000d8   Code   RO         4293    i.pvPortMalloc      heap_4.o
    0x08002e0c   0x08002e0c   0x00000024   Code   RO         4355    i.pxPortInitialiseStack  port.o
    0x08002e30   0x08002e30   0x00000030   Code   RO            8    i.ros_angle_handler  joint_ctrl.o
    0x08002e60   0x08002e60   0x00000044   Code   RO          329    i.ros_data_handler  ros_rx.o
    0x08002ea4   0x08002ea4   0x0000006c   Code   RO          291    i.ros_msg_pub_task  ros_msg_pub.o
    0x08002f10   0x08002f10   0x00000068   Code   RO          257    i.usart_msg_send_task  usart_send_msg.o
    0x08002f78   0x08002f78   0x00000026   Code   RO         3260    i.uxListRemove      list.o
    0x08002f9e   0x08002f9e   0x00000002   PAD
    0x08002fa0   0x08002fa0   0x00000014   Code   RO          436    i.vApplicationGetIdleTaskMemory  freertos.o
    0x08002fb4   0x08002fb4   0x00000016   Code   RO         3261    i.vListInitialise   list.o
    0x08002fca   0x08002fca   0x00000006   Code   RO         3262    i.vListInitialiseItem  list.o
    0x08002fd0   0x08002fd0   0x00000030   Code   RO         3263    i.vListInsert       list.o
    0x08003000   0x08003000   0x00000018   Code   RO         3264    i.vListInsertEnd    list.o
    0x08003018   0x08003018   0x00000040   Code   RO         4357    i.vPortEnterCritical  port.o
    0x08003058   0x08003058   0x00000028   Code   RO         4358    i.vPortExitCritical  port.o
    0x08003080   0x08003080   0x0000005c   Code   RO         4294    i.vPortFree         heap_4.o
    0x080030dc   0x080030dc   0x00000024   Code   RO         4359    i.vPortSetupTimerInterrupt  port.o
    0x08003100   0x08003100   0x00000054   Code   RO         4360    i.vPortValidateInterruptPriority  port.o
    0x08003154   0x08003154   0x0000004c   Code   RO         3628    i.vTaskDelay        tasks.o
    0x080031a0   0x080031a0   0x0000008c   Code   RO         3629    i.vTaskDelayUntil   tasks.o
    0x0800322c   0x0800322c   0x00000010   Code   RO         3632    i.vTaskInternalSetTimeOutState  tasks.o
    0x0800323c   0x0800323c   0x0000000c   Code   RO         3633    i.vTaskMissedYield  tasks.o
    0x08003248   0x08003248   0x00000030   Code   RO         3635    i.vTaskPlaceOnEventList  tasks.o
    0x08003278   0x08003278   0x0000006c   Code   RO         3642    i.vTaskStartScheduler  tasks.o
    0x080032e4   0x080032e4   0x00000010   Code   RO         3644    i.vTaskSuspendAll   tasks.o
    0x080032f4   0x080032f4   0x0000005c   Code   RO         3645    i.vTaskSwitchContext  tasks.o
    0x08003350   0x08003350   0x000000a8   Code   RO         4361    i.xPortStartScheduler  port.o
    0x080033f8   0x080033f8   0x00000048   Code   RO         3314    i.xQueueGenericCreate  queue.o
    0x08003440   0x08003440   0x00000088   Code   RO         3316    i.xQueueGenericReset  queue.o
    0x080034c8   0x080034c8   0x00000160   Code   RO         3317    i.xQueueGenericSend  queue.o
    0x08003628   0x08003628   0x00000138   Code   RO         3324    i.xQueueReceive     queue.o
    0x08003760   0x08003760   0x00000074   Code   RO         3646    i.xTaskCheckForTimeOut  tasks.o
    0x080037d4   0x080037d4   0x0000005a   Code   RO         3647    i.xTaskCreate       tasks.o
    0x0800382e   0x0800382e   0x00000056   Code   RO         3648    i.xTaskCreateStatic  tasks.o
    0x08003884   0x08003884   0x0000001c   Code   RO         3652    i.xTaskGetSchedulerState  tasks.o
    0x080038a0   0x080038a0   0x0000000c   Code   RO         3653    i.xTaskGetTickCount  tasks.o
    0x080038ac   0x080038ac   0x00000010   Code   RO         3654    i.xTaskGetTickCountFromISR  tasks.o
    0x080038bc   0x080038bc   0x000000c8   Code   RO         3655    i.xTaskIncrementTick  tasks.o
    0x08003984   0x08003984   0x00000098   Code   RO         3658    i.xTaskPriorityDisinherit  tasks.o
    0x08003a1c   0x08003a1c   0x00000074   Code   RO         3660    i.xTaskRemoveFromEventList  tasks.o
    0x08003a90   0x08003a90   0x000000c4   Code   RO         3661    i.xTaskResumeAll    tasks.o
    0x08003b54   0x08003b54   0x00000062   Code   RO         4447    x$fpl$d2f           fz_ws.l(d2f.o)
    0x08003bb6   0x08003bb6   0x00000002   PAD
    0x08003bb8   0x08003bb8   0x00000150   Code   RO         4449    x$fpl$dadd          fz_ws.l(daddsub_clz.o)
    0x08003d08   0x08003d08   0x000002b0   Code   RO         4456    x$fpl$ddiv          fz_ws.l(ddiv.o)
    0x08003fb8   0x08003fb8   0x0000009c   Code   RO         4472    x$fpl$dnaninf       fz_ws.l(dnaninf.o)
    0x08004054   0x08004054   0x0000000c   Code   RO         4474    x$fpl$dretinf       fz_ws.l(dretinf.o)
    0x08004060   0x08004060   0x000001d4   Code   RO         4451    x$fpl$dsub          fz_ws.l(daddsub_clz.o)
    0x08004234   0x08004234   0x00000056   Code   RO         4459    x$fpl$f2d           fz_ws.l(f2d.o)
    0x0800428a   0x0800428a   0x00000002   PAD
    0x0800428c   0x0800428c   0x000000c4   Code   RO         4461    x$fpl$fadd          fz_ws.l(faddsub_clz.o)
    0x08004350   0x08004350   0x0000003e   Code   RO         4467    x$fpl$ffixu         fz_ws.l(ffixu.o)
    0x0800438e   0x0800438e   0x0000008c   Code   RO         4476    x$fpl$fnaninf       fz_ws.l(fnaninf.o)
    0x0800441a   0x0800441a   0x0000000a   Code   RO         4478    x$fpl$fretinf       fz_ws.l(fretinf.o)
    0x08004424   0x08004424   0x000000ea   Code   RO         4463    x$fpl$fsub          fz_ws.l(faddsub_clz.o)
    0x0800450e   0x0800450e   0x00000000   Code   RO         4480    x$fpl$usenofp       fz_ws.l(usenofp.o)
    0x0800450e   0x0800450e   0x00000002   PAD
    0x08004510   0x08004510   0x00000070   Data   RO          438    .constdata          freertos.o
    0x08004580   0x08004580   0x00000012   Data   RO          996    .constdata          stm32f1xx_hal_rcc.o
    0x08004592   0x08004592   0x00000010   Data   RO         3123    .constdata          system_stm32f1xx.o
    0x080045a2   0x080045a2   0x00000008   Data   RO         3124    .constdata          system_stm32f1xx.o
    0x080045aa   0x080045aa   0x00000002   PAD
    0x080045ac   0x080045ac   0x0000003c   Data   RO          439    .conststring        freertos.o
    0x080045e8   0x080045e8   0x00000020   Data   RO         4635    Region$$Table       anon$$obj.o


    Execution Region RW_IRAM1 (Exec base: 0x20000000, Load base: 0x08004608, Size: 0x00001b38, Max: 0x00005000, ABSOLUTE)

    Exec Addr    Load Addr    Size         Type   Attr      Idx    E Section Name        Object

    0x20000000   0x08004608   0x00000004   Data   RW           11    .data               joint_ctrl.o
    0x20000004   0x0800460c   0x00000004   Data   RW          293    .data               ros_msg_pub.o
    0x20000008   0x08004610   0x00000014   Data   RW          440    .data               freertos.o
    0x2000001c   0x08004624   0x0000000c   Data   RW          833    .data               stm32f1xx_hal.o
    0x20000028   0x08004630   0x00000004   Data   RW         3125    .data               system_stm32f1xx.o
    0x2000002c   0x08004634   0x0000003c   Data   RW         3664    .data               tasks.o
    0x20000068   0x08004670   0x00000018   Data   RW         4299    .data               heap_4.o
    0x20000080   0x08004688   0x0000000c   Data   RW         4362    .data               port.o
    0x2000008c        -       0x00000070   Zero   RW            9    .bss                joint_ctrl.o
    0x200000fc        -       0x000000f3   Zero   RW          217    .bss                usart_comm.o
    0x200001ef        -       0x0000000a   Zero   RW          258    .bss                usart_send_msg.o
    0x200001f9   0x08004694   0x00000003   PAD
    0x200001fc        -       0x00000028   Zero   RW          292    .bss                ros_msg_pub.o
    0x20000224        -       0x000000f6   Zero   RW          331    .bss                ros_rx.o
    0x2000031a   0x08004694   0x00000002   PAD
    0x2000031c        -       0x00000254   Zero   RW          437    .bss                freertos.o
    0x20000570        -       0x00000090   Zero   RW          505    .bss                tim.o
    0x20000600        -       0x000001a0   Zero   RW          558    .bss                usart.o
    0x200007a0        -       0x00000048   Zero   RW          729    .bss                stm32f1xx_hal_timebase_tim.o
    0x200007e8        -       0x000000f0   Zero   RW         3663    .bss                tasks.o
    0x200008d8        -       0x00000c00   Zero   RW         4298    .bss                heap_4.o
    0x200014d8        -       0x00000060   Zero   RW         4507    .bss                c_w.l(libspace.o)
    0x20001538        -       0x00000200   Zero   RW          763    HEAP                startup_stm32f103xb.o
    0x20001738        -       0x00000400   Zero   RW          762    STACK               startup_stm32f103xb.o


==============================================================================

Image component sizes


      Code (inc. data)   RO Data    RW Data    ZI Data      Debug   Object Name

       170          0          0          0          0      27374   cmsis_os.o
        92          4          0          0          0        730   dma.o
         0          0          0          0          0      18084   event_groups.o
       144         12        172         20        596       2751   freertos.o
        60          6          0          0          0        767   gpio.o
       460         24          0         24       3072       7051   heap_4.o
       424         68          0          4        112     461223   joint_ctrl.o
       138          0          0          0          0       3238   list.o
       200         14          0          0          0       2380   main.o
       662         70          0         12          0      10857   port.o
      1174         14          0          0          0      10607   queue.o
       108         18          0          4         40       1361   ros_msg_pub.o
        68          6          0          0        246       1021   ros_rx.o
        64         26        236          0       1536        752   startup_stm32f103xb.o
       100         18          0         12          0       5066   stm32f1xx_hal.o
       158         14          0          0          0      28050   stm32f1xx_hal_cortex.o
       808         36          0          0          0       4806   stm32f1xx_hal_dma.o
       480         34          0          0          0       2208   stm32f1xx_hal_gpio.o
        72         10          0          0          0        818   stm32f1xx_hal_msp.o
      1304         94         18          0          0       5557   stm32f1xx_hal_rcc.o
      1780         58          0          0          0      15426   stm32f1xx_hal_tim.o
       108         12          0          0          0       2297   stm32f1xx_hal_tim_ex.o
       116         18          0          0         72       1339   stm32f1xx_hal_timebase_tim.o
      1950         38          0          0          0      15171   stm32f1xx_hal_uart.o
       120         42          0          0          0       5438   stm32f1xx_it.o
         0          0          0          0          0        392   stream_buffer.o
         2          0         24          4          0       1035   system_stm32f1xx.o
      2162        166          0         60        240      23083   tasks.o
       552         38          0          0        144       3045   tim.o
       512         44          0          0        416       2579   usart.o
       174         26          0          0        243       2336   usart_comm.o
       104         18          0          0         10       1227   usart_send_msg.o

    ----------------------------------------------------------------------
     14290        928        484        140       6732     668069   Object Totals
         0          0         32          0          0          0   (incl. Generated)
        24          0          2          0          5          0   (incl. Padding)

    ----------------------------------------------------------------------

      Code (inc. data)   RO Data    RW Data    ZI Data      Debug   Library Member Name

         8          0          0          0          0         68   __main.o
         0          0          0          0          0          0   __rtentry.o
        12          0          0          0          0          0   __rtentry2.o
         6          0          0          0          0          0   __rtentry4.o
        52          8          0          0          0          0   __scatter.o
        26          0          0          0          0          0   __scatter_copy.o
        28          0          0          0          0          0   __scatter_zi.o
        18          0          0          0          0         80   exit.o
         6          0          0          0          0        152   heapauxi.o
         0          0          0          0          0          0   indicate_semi.o
         2          0          0          0          0          0   libinit.o
         2          0          0          0          0          0   libinit2.o
         2          0          0          0          0          0   libshutdown.o
         2          0          0          0          0          0   libshutdown2.o
         8          4          0          0         96         68   libspace.o
        68          0          0          0          0         68   rt_memclr.o
        78          0          0          0          0         80   rt_memclr_w.o
       138          0          0          0          0         68   rt_memcpy_v6.o
       100          0          0          0          0         80   rt_memcpy_w.o
         2          0          0          0          0          0   rtexit.o
        10          0          0          0          0          0   rtexit2.o
        12          4          0          0          0         68   sys_exit.o
        74          0          0          0          0         80   sys_stackheap_outer.o
         2          0          0          0          0         68   use_no_semi.o
        98          4          0          0          0         92   d2f.o
       804         16          0          0          0        272   daddsub_clz.o
       688        140          0          0          0        208   ddiv.o
       156          4          0          0          0         92   dnaninf.o
        12          0          0          0          0         68   dretinf.o
        86          4          0          0          0         84   f2d.o
       430          8          0          0          0        168   faddsub_clz.o
        62          4          0          0          0         84   ffixu.o
       140          4          0          0          0         84   fnaninf.o
        10          0          0          0          0         68   fretinf.o
         0          0          0          0          0          0   usenofp.o

    ----------------------------------------------------------------------
      3154        200          0          0         96       2100   Library Totals
        12          0          0          0          0          0   (incl. Padding)

    ----------------------------------------------------------------------

      Code (inc. data)   RO Data    RW Data    ZI Data      Debug   Library Name

       656         16          0          0         96        880   c_w.l
      2486        184          0          0          0       1220   fz_ws.l

    ----------------------------------------------------------------------
      3154        200          0          0         96       2100   Library Totals

    ----------------------------------------------------------------------

==============================================================================


      Code (inc. data)   RO Data    RW Data    ZI Data      Debug   

     17444       1128        484        140       6828     660701   Grand Totals
     17444       1128        484        140       6828     660701   ELF Image Totals
     17444       1128        484        140          0          0   ROM Totals

==============================================================================

    Total RO  Size (Code + RO Data)                17928 (  17.51kB)
    Total RW  Size (RW Data + ZI Data)              6968 (   6.80kB)
    Total ROM Size (Code + RO Data + RW Data)      18068 (  17.64kB)

==============================================================================

